TAP version 13
# Subtest: Win32 address waits: exact 1/2/4/8-byte comparison and zero-timeout errors
ok 1 - Win32 address waits: exact 1/2/4/8-byte comparison and zero-timeout errors
  ---
  duration_ms: 15.1041
  type: 'test'
  ...
# Subtest: Win32 address waits: wake-single follows arrival order, wake-all matches exact addresses and does not store signals
ok 2 - Win32 address waits: wake-single follows arrival order, wake-all matches exact addresses and does not store signals
  ---
  duration_ms: 1.9897
  type: 'test'
  ...
# Subtest: Win32 address waits: timeout removes expired waiters before a subsequent wake
ok 3 - Win32 address waits: timeout removes expired waiters before a subsequent wake
  ---
  duration_ms: 1.9523
  type: 'test'
  ...
# Subtest: Win32 address waits: process polling suspends without instructions and wakes only within the same guest
ok 4 - Win32 address waits: process polling suspends without instructions and wakes only within the same guest
  ---
  duration_ms: 5.5555
  type: 'test'
  ...
# Subtest: Win32 address waits: invalid sizes and inaccessible ranges do not register a waiter
ok 5 - Win32 address waits: invalid sizes and inaccessible ranges do not register a waiter
  ---
  duration_ms: 2.7466
  type: 'test'
  ...
# Subtest: Brush origin keeps signed device coordinates and returns previous values without modulo reduction
ok 6 - Brush origin keeps signed device coordinates and returns previous values without modulo reduction
  ---
  duration_ms: 13.567
  type: 'test'
  ...
# Subtest: Brush origin belongs to each DC and participates in nested saved state
ok 7 - Brush origin belongs to each DC and participates in nested saved state
  ---
  duration_ms: 2.1281
  type: 'test'
  ...
# Subtest: Brush origin validates handles and full outputs before modifying DC state
ok 8 - Brush origin validates handles and full outputs before modifying DC state
  ---
  duration_ms: 1.8824
  type: 'test'
  ...
# Subtest: Win32 character types: all 196608 classifications match native output hashes
ok 9 - Win32 character types: all 196608 classifications match native output hashes
  ---
  duration_ms: 23.4109
  type: 'test'
  ...
# Subtest: Win32 character types: letters, digits, whitespace, bidi and script properties
ok 10 - Win32 character types: letters, digits, whitespace, bidi and script properties
  ---
  duration_ms: 2.4538
  type: 'test'
  ...
# Subtest: Win32 character types: negative counts include NUL, counted NULs and surrogates remain units
ok 11 - Win32 character types: negative counts include NUL, counted NULs and surrogates remain units
  ---
  duration_ms: 1.4826
  type: 'test'
  ...
# Subtest: Win32 character types: invalid parameters and whole-range validation preserve output
ok 12 - Win32 character types: invalid parameters and whole-range validation preserve output
  ---
  duration_ms: 5.0946
  type: 'test'
  ...
# Subtest: Class unregistration releases owned background brushes for all registration variants
ok 13 - Class unregistration releases owned background brushes for all registration variants
  ---
  duration_ms: 17.9678
  type: 'test'
  ...
# Subtest: Failed registration and unregistration retain application brushes
ok 14 - Failed registration and unregistration retain application brushes
  ---
  duration_ms: 4.2455
  type: 'test'
  ...
# Subtest: Class cleanup preserves stock/system brushes and color pseudo-handles
ok 15 - Class cleanup preserves stock/system brushes and color pseudo-handles
  ---
  duration_ms: 2.8038
  type: 'test'
  ...
# Subtest: Unregistration invalidates the class brush even when selected into a DC
ok 16 - Unregistration invalidates the class brush even when selected into a DC
  ---
  duration_ms: 1.3944
  type: 'test'
  ...
# Subtest: Class extra bytes share overlapping DWORD writes across windows and A/W APIs
ok 17 - Class extra bytes share overlapping DWORD writes across windows and A/W APIs
  ---
  duration_ms: 19.6491
  type: 'test'
  ...
# Subtest: Out-of-range class writes and invalid handles fail without changing shared bytes
ok 18 - Out-of-range class writes and invalid handles fail without changing shared bytes
  ---
  duration_ms: 2.4929
  type: 'test'
  ...
# Subtest: Replacing a class brush affects erasing for all windows and transfers cleanup to the current brush
ok 19 - Replacing a class brush affects erasing for all windows and transfers cleanup to the current brush
  ---
  duration_ms: 2.0799
  type: 'test'
  ...
# Subtest: Null class brush replacement disables erasing without deleting the previous brush
ok 20 - Null class brush replacement disables erasing without deleting the previous brush
  ---
  duration_ms: 2.4034
  type: 'test'
  ...
# Subtest: Class procedure replacement applies to future windows and preserves existing procedures through restoration
ok 21 - Class procedure replacement applies to future windows and preserves existing procedures through restoration
  ---
  duration_ms: 16.2598
  type: 'test'
  ...
# Subtest: Per-window subclasses remain independent from class procedure mutations
ok 22 - Per-window subclasses remain independent from class procedure mutations
  ---
  duration_ms: 2.8091
  type: 'test'
  ...
# Subtest: Null class procedure replacement returns the previous value and can be restored
ok 23 - Null class procedure replacement returns the previous value and can be restored
  ---
  duration_ms: 4.2103
  type: 'test'
  ...
# Subtest: Cross-encoding thunk requirements and invalid HWNDs do not mutate class procedures
ok 24 - Cross-encoding thunk requirements and invalid HWNDs do not mutate class procedures
  ---
  duration_ms: 2.3833
  type: 'test'
  ...
# Subtest: GetClassLong retains x86 registration fields across all A/W and extended variants
ok 25 - GetClassLong retains x86 registration fields across all A/W and extended variants
  ---
  duration_ms: 20.6245
  type: 'test'
  ...
# Subtest: Class extra DWORD queries accept unaligned in-bounds offsets and reject overflow
ok 26 - Class extra DWORD queries accept unaligned in-bounds offsets and reject overflow
  ---
  duration_ms: 3.4253
  type: 'test'
  ...
# Subtest: Class procedure queries remain class-based after window subclassing and reject unsupported thunks
ok 27 - Class procedure queries remain class-based after window subclassing and reject unsupported thunks
  ---
  duration_ms: 3.4248
  type: 'test'
  ...
# Subtest: Class queries reject invalid and destroyed windows and explicitly identify built-in metadata gaps
ok 28 - Class queries reject invalid and destroyed windows and explicitly identify built-in metadata gaps
  ---
  duration_ms: 1.5236
  type: 'test'
  ...
# Subtest: Class registration rejects signed-negative extra counts without consuming atoms or names
ok 29 - Class registration rejects signed-negative extra counts without consuming atoms or names
  ---
  duration_ms: 26.5277
  type: 'test'
  ...
# Subtest: RegisterClassEx requires the exact x86 structure size in either encoding
ok 30 - RegisterClassEx requires the exact x86 structure size in either encoding
  ---
  duration_ms: 2.305
  type: 'test'
  ...
# Subtest: Class registration accepts verified extra storage above forty bytes
ok 31 - Class registration accepts verified extra storage above forty bytes
  ---
  duration_ms: 26.8294
  type: 'test'
  ...
# Subtest: Truncated registration structures fault before changing registry or atom allocation
ok 32 - Truncated registration structures fault before changing registry or atom allocation
  ---
  duration_ms: 9.7232
  type: 'test'
  ...
# Subtest: Clip regions are copied independently of source, destination and emitted commands
ok 33 - Clip regions are copied independently of source, destination and emitted commands
  ---
  duration_ms: 16.7536
  type: 'test'
  ...
# Subtest: Clip regions preserve none versus empty across nested saved states and independent DCs
ok 34 - Clip regions preserve none versus empty across nested saved states and independent DCs
  ---
  duration_ms: 2.1483
  type: 'test'
  ...
# Subtest: Clip API errors preserve selection and native output error distinctions
ok 35 - Clip API errors preserve selection and native output error distinctions
  ---
  duration_ms: 1.5825
  type: 'test'
  ...
# Subtest: Clip visibility intersects application clips with the current surface and saved state
ok 36 - Clip visibility intersects application clips with the current surface and saved state
  ---
  duration_ms: 13.757
  type: 'test'
  ...
# Subtest: RectVisible normalizes query corners and uses strict overlap at degenerate boundaries
ok 37 - RectVisible normalizes query corners and uses strict overlap at degenerate boundaries
  ---
  duration_ms: 2.1323
  type: 'test'
  ...
# Subtest: Visibility APIs preserve distinct invalid handle and null pointer behavior
ok 38 - Visibility APIs preserve distinct invalid handle and null pointer behavior
  ---
  duration_ms: 1.7539
  type: 'test'
  ...
# Subtest: Win32 code pages: concrete availability differs from aliases and preserves last error
ok 39 - Win32 code pages: concrete availability differs from aliases and preserves last error
  ---
  duration_ms: 14.7873
  type: 'test'
  ...
# Subtest: Win32 code pages: basic x86 structure and aliases report fixed profiles
ok 40 - Win32 code pages: basic x86 structure and aliases report fixed profiles
  ---
  duration_ms: 3.0732
  type: 'test'
  ...
# Subtest: Win32 code pages: ANSI/Unicode extended structures contain exact offsets and names
ok 41 - Win32 code pages: ANSI/Unicode extended structures contain exact offsets and names
  ---
  duration_ms: 2.8718
  type: 'test'
  ...
# Subtest: Win32 code pages: flags and unsupported pages fail without writes, ranges validate atomically
ok 42 - Win32 code pages: flags and unsupported pages fail without writes, ranges validate atomically
  ---
  duration_ms: 12.4497
  type: 'test'
  ...
# Subtest: Win32 command line: shell parsing matches seeded native cases
ok 43 - Win32 command line: shell parsing matches seeded native cases
  ---
  duration_ms: 7.5812
  type: 'test'
  ...
# Subtest: Win32 command line: contiguous x86 pointer/string allocation is released by one LocalFree
ok 44 - Win32 command line: contiguous x86 pointer/string allocation is released by one LocalFree
  ---
  duration_ms: 14.0707
  type: 'test'
  ...
# Subtest: Win32 command line: empty input uses guest executable and leading whitespace yields empty argv zero
ok 45 - Win32 command line: empty input uses guest executable and leading whitespace yields empty argv zero
  ---
  duration_ms: 1.8671
  type: 'test'
  ...
# Subtest: Win32 command line: bad output/input pointers do not allocate or overwrite the count
ok 46 - Win32 command line: bad output/input pointers do not allocate or overwrite the count
  ---
  duration_ms: 3.6734
  type: 'test'
  ...
# Subtest: Win32 condition variables: zero timeout reacquires CS and both SRW modes
ok 47 - Win32 condition variables: zero timeout reacquires CS and both SRW modes
  ---
  duration_ms: 28.8748
  type: 'test'
  ...
# Subtest: Win32 condition variables: wake one/all matches current waiters and stores no future signal
ok 48 - Win32 condition variables: wake one/all matches current waiters and stores no future signal
  ---
  duration_ms: 2.0397
  type: 'test'
  ...
# Subtest: Win32 condition variables: timeout and wake both wait for lock reacquisition
ok 49 - Win32 condition variables: timeout and wake both wait for lock reacquisition
  ---
  duration_ms: 3.2333
  type: 'test'
  ...
# Subtest: Win32 condition variables: CS wake reacquires once and process-local wakes stay isolated
ok 50 - Win32 condition variables: CS wake reacquires once and process-local wakes stay isolated
  ---
  duration_ms: 4.3244
  type: 'test'
  ...
# Subtest: Win32 condition variables: invalid inputs preserve held locks and reject recursive CS sleep
ok 51 - Win32 condition variables: invalid inputs preserve held locks and reject recursive CS sleep
  ---
  duration_ms: 3.7116
  type: 'test'
  ...
# Subtest: memory: cross-page little-endian reads/writes and protection
ok 52 - memory: cross-page little-endian reads/writes and protection
  ---
  duration_ms: 1.382
  type: 'test'
  ...
# Subtest: heap: aligned zeroing, reuse, coalescing, realloc copy
ok 53 - heap: aligned zeroing, reuse, coalescing, realloc copy
  ---
  duration_ms: 0.4366
  type: 'test'
  ...
# Subtest: ANSI/UTF16 strings retain supported characters and terminate
ok 54 - ANSI/UTF16 strings retain supported characters and terminate
  ---
  duration_ms: 0.4555
  type: 'test'
  ...
# Subtest: ALU: 18,000 deterministic arithmetic/flag cases vs BigInt reference
ok 55 - ALU: 18,000 deterministic arithmetic/flag cases vs BigInt reference
  ---
  duration_ms: 29.6105
  type: 'test'
  ...
# Subtest: CPU: byte/high-byte and operand-size register preservation
ok 56 - CPU: byte/high-byte and operand-size register preservation
  ---
  duration_ms: 0.9232
  type: 'test'
  ...
# Subtest: CPU: ModRM/SIB and FS segment base
ok 57 - CPU: ModRM/SIB and FS segment base
  ---
  duration_ms: 0.3832
  type: 'test'
  ...
# Subtest: CPU: call/ret and stack restoration
ok 58 - CPU: call/ret and stack restoration
  ---
  duration_ms: 0.3079
  type: 'test'
  ...
# Subtest: CPU: signed multiply/divide, divide errors
ok 59 - CPU: signed multiply/divide, divide errors
  ---
  duration_ms: 0.9705
  type: 'test'
  ...
# Subtest: CPU: REP MOVSB yields and resumes with correct ECX
ok 60 - CPU: REP MOVSB yields and resumes with correct ECX
  ---
  duration_ms: 2.4175
  type: 'test'
  ...
# Subtest: CPU: reverse REP and REPE termination
ok 61 - CPU: reverse REP and REPE termination
  ---
  duration_ms: 0.3352
  type: 'test'
  ...
# Subtest: CPU: CPUID preserves non-output registers and stack
ok 62 - CPU: CPUID preserves non-output registers and stack
  ---
  duration_ms: 0.4367
  type: 'test'
  ...
# Subtest: CPU: SHLD/SHRD preserve full unsigned 32-bit precision
ok 63 - CPU: SHLD/SHRD preserve full unsigned 32-bit precision
  ---
  duration_ms: 0.2375
  type: 'test'
  ...
# Subtest: CPU: x87 subtract/reverse subtract/divide destinations and pops
ok 64 - CPU: x87 subtract/reverse subtract/divide destinations and pops
  ---
  duration_ms: 0.6988
  type: 'test'
  ...
# Subtest: CPU: scalar SSE addition and clearing only documented lanes
ok 65 - CPU: scalar SSE addition and clearing only documented lanes
  ---
  duration_ms: 0.4315
  type: 'test'
  ...
# Subtest: CPU: unimplemented instructions fail with address/bytes
ok 66 - CPU: unimplemented instructions fail with address/bytes
  ---
  duration_ms: 0.2518
  type: 'test'
  ...
# Subtest: Win32 critical sections: recursive enter/try/leave update the x86 structure
ok 67 - Win32 critical sections: recursive enter/try/leave update the x86 structure
  ---
  duration_ms: 13.3612
  type: 'test'
  ...
# Subtest: Win32 critical sections: Ex flags and single-processor spin behavior are consistent across constructors
ok 68 - Win32 critical sections: Ex flags and single-processor spin behavior are consistent across constructors
  ---
  duration_ms: 1.9997
  type: 'test'
  ...
# Subtest: Win32 critical sections: lifecycle misuse produces diagnostics and failed access leaves counts unchanged
ok 69 - Win32 critical sections: lifecycle misuse produces diagnostics and failed access leaves counts unchanged
  ---
  duration_ms: 1.871
  type: 'test'
  ...
# Subtest: Win32 critical sections: page validation is atomic and storage is isolated between guests
ok 70 - Win32 critical sections: page validation is atomic and storage is isolated between guests
  ---
  duration_ms: 7.5674
  type: 'test'
  ...
# Subtest: Miter limits retain float bits, previous values and saved per-DC state
ok 71 - Miter limits retain float bits, previous values and saved per-DC state
  ---
  duration_ms: 19.362
  type: 'test'
  ...
# Subtest: Miter limit errors preserve output and DC state
ok 72 - Miter limit errors preserve output and DC state
  ---
  duration_ms: 2.1325
  type: 'test'
  ...
# Subtest: DC pen and brush colors preserve full COLORREFs, saved state and native errors
ok 73 - DC pen and brush colors preserve full COLORREFs, saved state and native errors
  ---
  duration_ms: 1.5318
  type: 'test'
  ...
# Subtest: DC stock colors affect selected drawing objects without mutating shared handles
ok 74 - DC stock colors affect selected drawing objects without mutating shared handles
  ---
  duration_ms: 2.2214
  type: 'test'
  ...
# Subtest: Win32 DC queries: defaults, mutations and restored values are observable independently
ok 75 - Win32 DC queries: defaults, mutations and restored values are observable independently
  ---
  duration_ms: 6.5559
  type: 'test'
  ...
# Subtest: Win32 GDI object queries: selected handles, restored identity and deleted objects
ok 76 - Win32 GDI object queries: selected handles, restored identity and deleted objects
  ---
  duration_ms: 3.3666
  type: 'test'
  ...
# Subtest: Win32 GDI object queries: invalid types and unsupported selections are explicit
ok 77 - Win32 GDI object queries: invalid types and unsupported selections are explicit
  ---
  duration_ms: 1.9005
  type: 'test'
  ...
# Subtest: Win32 DC state: nested restores pop newer saves and reuse levels
ok 78 - Win32 DC state: nested restores pop newer saves and reuse levels
  ---
  duration_ms: 1.1863
  type: 'test'
  ...
# Subtest: Win32 DC state: restored position, selections and colors reach drawing commands
ok 79 - Win32 DC state: restored position, selections and colors reach drawing commands
  ---
  duration_ms: 1.7809
  type: 'test'
  ...
# Subtest: Win32 DC state: stacks are independent and saved selections remain valid
ok 80 - Win32 DC state: stacks are independent and saved selections remain valid
  ---
  duration_ms: 1.4409
  type: 'test'
  ...
# Subtest: Win32 DC state: invalid handles, levels and output ranges preserve state
ok 81 - Win32 DC state: invalid handles, levels and output ranges preserve state
  ---
  duration_ms: 2.357
  type: 'test'
  ...
# Subtest: Win32 directory rename: subtree identities, timestamps, bytes and root handles survive both APIs
ok 82 - Win32 directory rename: subtree identities, timestamps, bytes and root handles survive both APIs
  ---
  duration_ms: 16.4907
  type: 'test'
  ...
# Subtest: Win32 directory rename: open descendants block moves until final duplicated handle closes
ok 83 - Win32 directory rename: open descendants block moves until final duplicated handle closes
  ---
  duration_ms: 2.8501
  type: 'test'
  ...
# Subtest: Win32 directory rename: self-descendant, current-directory ancestors and missing parents fail atomically
ok 84 - Win32 directory rename: self-descendant, current-directory ancestors and missing parents fail atomically
  ---
  duration_ms: 1.8731
  type: 'test'
  ...
# Subtest: Win32 directory rename: explicit replacement permits a closed file but never another directory
ok 85 - Win32 directory rename: explicit replacement permits a closed file but never another directory
  ---
  duration_ms: 2.1663
  type: 'test'
  ...
# Subtest: Win32 DOS times: native rounding vectors include sub-millisecond and calendar rollover
ok 86 - Win32 DOS times: native rounding vectors include sub-millisecond and calendar rollover
  ---
  duration_ms: 13.6197
  type: 'test'
  ...
# Subtest: Win32 DOS times: every packed calendar date is validated and valid dates round trip
ok 87 - Win32 DOS times: every packed calendar date is validated and valid dates round trip
  ---
  duration_ms: 125.2347
  type: 'test'
  ...
# Subtest: Win32 DOS times: invalid time fields and rounded range failures preserve output
ok 88 - Win32 DOS times: invalid time fields and rounded range failures preserve output
  ---
  duration_ms: 1.6664
  type: 'test'
  ...
# Subtest: Win32 DOS times: WORD argument truncation, overlapping buffers and atomic output checks
ok 89 - Win32 DOS times: WORD argument truncation, overlapping buffers and atomic output checks
  ---
  duration_ms: 1.7066
  type: 'test'
  ...
# Subtest: Win32 environment: case-insensitive names, empty values, deletion and last error
ok 90 - Win32 environment: case-insensitive names, empty values, deletion and last error
  ---
  duration_ms: 14.0553
  type: 'test'
  ...
# Subtest: Win32 environment: ACP byte counts differ from UTF-16 character counts
ok 91 - Win32 environment: ACP byte counts differ from UTF-16 character counts
  ---
  duration_ms: 2.605
  type: 'test'
  ...
# Subtest: Win32 environment: expansion is single-pass and validates complete output before writing
ok 92 - Win32 environment: expansion is single-pass and validates complete output before writing
  ---
  duration_ms: 1.7694
  type: 'test'
  ...
# Subtest: Win32 environment: sorted independent OEM and Unicode blocks have owned allocations
ok 93 - Win32 environment: sorted independent OEM and Unicode blocks have owned allocations
  ---
  duration_ms: 2.818
  type: 'test'
  ...
# Subtest: Win32 environment: guest processes are isolated and CRT getenv observes Win32 updates
ok 94 - Win32 environment: guest processes are isolated and CRT getenv observes Win32 updates
  ---
  duration_ms: 7.3072
  type: 'test'
  ...
# Subtest: ExtCreatePen null style returns shared NULL_PEN and ignores width and brush properties
ok 95 - ExtCreatePen null style returns shared NULL_PEN and ignores width and brush properties
  ---
  duration_ms: 14.786
  type: 'test'
  ...
# Subtest: ExtCreatePen null style validates style-array arguments and brush storage
ok 96 - ExtCreatePen null style validates style-array arguments and brush storage
  ---
  duration_ms: 2.1801
  type: 'test'
  ...
# Subtest: User-style geometric pens copy dash arrays into variable-sized descriptions
ok 97 - User-style geometric pens copy dash arrays into variable-sized descriptions
  ---
  duration_ms: 1.7553
  type: 'test'
  ...
# Subtest: User-style geometric pens reject invalid arrays before allocating
ok 98 - User-style geometric pens reject invalid arrays before allocating
  ---
  duration_ms: 1.4595
  type: 'test'
  ...
# Subtest: Extended solid pens expose x86 descriptions and all geometric caps and joins
ok 99 - Extended solid pens expose x86 descriptions and all geometric caps and joins
  ---
  duration_ms: 7.2791
  type: 'test'
  ...
# Subtest: Extended pen selections resolve saved miter state without altering the object
ok 100 - Extended pen selections resolve saved miter state without altering the object
  ---
  duration_ms: 3.3158
  type: 'test'
  ...
# Subtest: Extended pen validation rejects invalid combinations and validates all guest memory
ok 101 - Extended pen validation rejects invalid combinations and validates all guest memory
  ---
  duration_ms: 1.2145
  type: 'test'
  ...
# Subtest: Win32 append: independent and duplicate handles always append at current EOF despite seeking
ok 102 - Win32 append: independent and duplicate handles always append at current EOF despite seeking
  ---
  duration_ms: 16.1048
  type: 'test'
  ...
# Subtest: Win32 append: read/append seeks can read while write-data plus append retains positioned writes
ok 103 - Win32 append: read/append seeks can read while write-data plus append retains positioned writes
  ---
  duration_ms: 2.6318
  type: 'test'
  ...
# Subtest: Win32 append: sharing, readonly and creation dispositions enforce append access
ok 104 - Win32 append: sharing, readonly and creation dispositions enforce append access
  ---
  duration_ms: 1.8333
  type: 'test'
  ...
# Subtest: Win32 append: zero writes, invalid buffers, quota failures and deletion preserve lifetime and cursor rules
ok 105 - Win32 append: zero writes, invalid buffers, quota failures and deletion preserve lifetime and cursor rules
  ---
  duration_ms: 3.0698
  type: 'test'
  ...
# Subtest: Win32 disposition: cancellation through independent handles restores names, links and snapshots
ok 106 - Win32 disposition: cancellation through independent handles restores names, links and snapshots
  ---
  duration_ms: 14.5588
  type: 'test'
  ...
# Subtest: Win32 disposition: duplicate final-close, exclusive opens and DeleteFile cancellation use shared state
ok 107 - Win32 disposition: duplicate final-close, exclusive opens and DeleteFile cancellation use shared state
  ---
  duration_ms: 2.1494
  type: 'test'
  ...
# Subtest: Win32 disposition: cancellation cannot suppress delete-on-close or termination cleanup
ok 108 - Win32 disposition: cancellation cannot suppress delete-on-close or termination cleanup
  ---
  duration_ms: 10.5879
  type: 'test'
  ...
# Subtest: Win32 disposition: empty directory deletion blocks child creation and supports cancellation
ok 109 - Win32 disposition: empty directory deletion blocks child creation and supports cancellation
  ---
  duration_ms: 1.9392
  type: 'test'
  ...
# Subtest: Win32 disposition: DELETE permission, readonly files, root protection and invalid inputs are atomic
ok 110 - Win32 disposition: DELETE permission, readonly files, root protection and invalid inputs are atomic
  ---
  duration_ms: 2.3986
  type: 'test'
  ...
# Subtest: Win32 extended info: standard layout follows size changes and pending deletion without moving the cursor
ok 111 - Win32 extended info: standard layout follows size changes and pending deletion without moving the cursor
  ---
  duration_ms: 17.867
  type: 'test'
  ...
# Subtest: Win32 extended info: file IDs and attributes agree across independent opens, duplication and rename
ok 112 - Win32 extended info: file IDs and attributes agree across independent opens, duplication and rename
  ---
  duration_ms: 3.194
  type: 'test'
  ...
# Subtest: Win32 extended info: UTF-16 names have byte lengths, partial output and no added terminator
ok 113 - Win32 extended info: UTF-16 names have byte lengths, partial output and no added terminator
  ---
  duration_ms: 4.8737
  type: 'test'
  ...
# Subtest: Win32 extended info: metadata-only directory handles return directory flag and stable root names
ok 114 - Win32 extended info: metadata-only directory handles return directory flag and stable root names
  ---
  duration_ms: 1.4642
  type: 'test'
  ...
# Subtest: Win32 extended info: invalid handles/classes and short buffers return precise errors without output mutation
ok 115 - Win32 extended info: invalid handles/classes and short buffers return precise errors without output mutation
  ---
  duration_ms: 2.144
  type: 'test'
  ...
# Subtest: Win32 extended info: cross-page output validation is atomic and oversized buffers do not require unused pages
ok 116 - Win32 extended info: cross-page output validation is atomic and oversized buffers do not require unused pages
  ---
  duration_ms: 1.6258
  type: 'test'
  ...
# Subtest: Win32 metadata: exact independent FILETIMEs, write updates and zero/no-change sentinels
ok 117 - Win32 metadata: exact independent FILETIMEs, write updates and zero/no-change sentinels
  ---
  duration_ms: 18.5725
  type: 'test'
  ...
# Subtest: Win32 metadata: BY_HANDLE_FILE_INFORMATION and A/W attributes/find data agree on layout and times
ok 118 - Win32 metadata: BY_HANDLE_FILE_INFORMATION and A/W attributes/find data agree on layout and times
  ---
  duration_ms: 12.7663
  type: 'test'
  ...
# Subtest: Win32 metadata: timestamp suppression follows the shared file object but not independent opens
ok 119 - Win32 metadata: timestamp suppression follows the shared file object but not independent opens
  ---
  duration_ms: 2.0144
  type: 'test'
  ...
# Subtest: Win32 metadata: readonly attributes deny new writes/deletes, normalize NORMAL and preserve directory type
ok 120 - Win32 metadata: readonly attributes deny new writes/deletes, normalize NORMAL and preserve directory type
  ---
  duration_ms: 2.1316
  type: 'test'
  ...
# Subtest: Win32 metadata: IDs survive writes and shared-handle rename, copies and recreated files get new IDs
ok 121 - Win32 metadata: IDs survive writes and shared-handle rename, copies and recreated files get new IDs
  ---
  duration_ms: 4.3413
  type: 'test'
  ...
# Subtest: Win32 metadata: access checks and invalid input/output buffers are atomic
ok 122 - Win32 metadata: access checks and invalid input/output buffers are atomic
  ---
  duration_ms: 1.8452
  type: 'test'
  ...
# Subtest: VFS metadata: snapshot and backup ZIP preserve IDs, exact FILETIMEs and attributes without aliasing
ok 123 - VFS metadata: snapshot and backup ZIP preserve IDs, exact FILETIMEs and attributes without aliasing
  ---
  duration_ms: 8.9489
  type: 'test'
  ...
# Subtest: VFS metadata: old backups remain readable and malformed/duplicate metadata is rejected
ok 124 - VFS metadata: old backups remain readable and malformed/duplicate metadata is rejected
  ---
  duration_ms: 2.1086
  type: 'test'
  ...
# Subtest: Win32 files: exact 64-bit cursors above quota and JS integer range allocate no disk storage
ok 125 - Win32 files: exact 64-bit cursors above quota and JS integer range allocate no disk storage
  ---
  duration_ms: 13.8253
  type: 'test'
  ...
# Subtest: Win32 files: legacy seek high words, signed relative offsets and ambiguous success sentinel
ok 126 - Win32 files: legacy seek high words, signed relative offsets and ambiguous success sentinel
  ---
  duration_ms: 6.0144
  type: 'test'
  ...
# Subtest: Win32 files: EOF reads and zero-byte writes leave large cursors and disk contents unchanged
ok 127 - Win32 files: EOF reads and zero-byte writes leave large cursors and disk contents unchanged
  ---
  duration_ms: 3.9435
  type: 'test'
  ...
# Subtest: Win32 files: writes zero-fill gaps, truncation preserves cursor and quota failure is atomic
ok 128 - Win32 files: writes zero-fill gaps, truncation preserves cursor and quota failure is atomic
  ---
  duration_ms: 8.2533
  type: 'test'
  ...
# Subtest: Win32 files: invalid output pages do not change cursor or file data
ok 129 - Win32 files: invalid output pages do not change cursor or file data
  ---
  duration_ms: 2.716
  type: 'test'
  ...
# Subtest: Win32 files: access checks, invalid methods/handles and unsupported I/O remain explicit
ok 130 - Win32 files: access checks, invalid methods/handles and unsupported I/O remain explicit
  ---
  duration_ms: 5.0103
  type: 'test'
  ...
# Subtest: Win32 lifetime: pending deletion retains data and ID until every independent and duplicate handle closes
ok 131 - Win32 lifetime: pending deletion retains data and ID until every independent and duplicate handle closes
  ---
  duration_ms: 17.0137
  type: 'test'
  ...
# Subtest: Win32 lifetime: DELETE access and FILE_SHARE_DELETE are checked in both directions
ok 132 - Win32 lifetime: DELETE access and FILE_SHARE_DELETE are checked in both directions
  ---
  duration_ms: 1.9339
  type: 'test'
  ...
# Subtest: Win32 lifetime: delete-on-close tracks open objects rather than closing the first duplicate
ok 133 - Win32 lifetime: delete-on-close tracks open objects rather than closing the first duplicate
  ---
  duration_ms: 1.8912
  type: 'test'
  ...
# Subtest: Win32 lifetime: CLOSE_SOURCE failure still releases a final delete-on-close reference
ok 134 - Win32 lifetime: CLOSE_SOURCE failure still releases a final delete-on-close reference
  ---
  duration_ms: 5.6503
  type: 'test'
  ...
# Subtest: Win32 lifetime: snapshots exclude pending and delete-on-close files; exit/stop/fault force file cleanup
ok 135 - Win32 lifetime: snapshots exclude pending and delete-on-close files; exit/stop/fault force file cleanup
  ---
  duration_ms: 9.1294
  type: 'test'
  ...
# Subtest: Win32 lifetime: VFS path operations and copies cannot bypass pending deletion or sharing
ok 136 - Win32 lifetime: VFS path operations and copies cannot bypass pending deletion or sharing
  ---
  duration_ms: 2.0442
  type: 'test'
  ...
# Subtest: Win32 lifetime: inherited handles, readonly create flags and metadata-only directory restrictions
ok 137 - Win32 lifetime: inherited handles, readonly create flags and metadata-only directory restrictions
  ---
  duration_ms: 1.4532
  type: 'test'
  ...
# Subtest: Win32 rename: shared file identity, cursor and metadata survive Unicode and case-only rename
ok 138 - Win32 rename: shared file identity, cursor and metadata survive Unicode and case-only rename
  ---
  duration_ms: 29.208
  type: 'test'
  ...
# Subtest: Win32 rename: current directory and directory-handle roots resolve relative names
ok 139 - Win32 rename: current directory and directory-handle roots resolve relative names
  ---
  duration_ms: 2.7205
  type: 'test'
  ...
# Subtest: Win32 rename: replacement releases destination quota but rejects open, readonly and directory targets
ok 140 - Win32 rename: replacement releases destination quota but rejects open, readonly and directory targets
  ---
  duration_ms: 2.8729
  type: 'test'
  ...
# Subtest: Win32 rename: pending files, DELETE access, invalid paths and unsupported modes preserve the source
ok 141 - Win32 rename: pending files, DELETE access, invalid paths and unsupported modes preserve the source
  ---
  duration_ms: 2.9071
  type: 'test'
  ...
# Subtest: Win32 rename: x86 input bounds and inaccessible UTF-16 data fail before filesystem mutation
ok 142 - Win32 rename: x86 input bounds and inaccessible UTF-16 data fail before filesystem mutation
  ---
  duration_ms: 2.2558
  type: 'test'
  ...
# Subtest: Win32 set info: explicit EOF grows, truncates and clears data without moving shared or independent cursors
ok 143 - Win32 set info: explicit EOF grows, truncates and clears data without moving shared or independent cursors
  ---
  duration_ms: 15.1339
  type: 'test'
  ...
# Subtest: Win32 set info: negative and exact 64-bit oversized lengths fail atomically with quota accounting
ok 144 - Win32 set info: negative and exact 64-bit oversized lengths fail atomically with quota accounting
  ---
  duration_ms: 2.1008
  type: 'test'
  ...
# Subtest: Win32 set info: pending files resize through existing handles and retain suppressed timestamps
ok 145 - Win32 set info: pending files resize through existing handles and retain suppressed timestamps
  ---
  duration_ms: 1.9889
  type: 'test'
  ...
# Subtest: Win32 set info: invalid handles, denied rights, directories, short structures and unsupported classes
ok 146 - Win32 set info: invalid handles, denied rights, directories, short structures and unsupported classes
  ---
  duration_ms: 3.2467
  type: 'test'
  ...
# Subtest: Win32 set info: input validation precedes mutation and accepts read-only input memory
ok 147 - Win32 set info: input validation precedes mutation and accepts read-only input memory
  ---
  duration_ms: 2.3843
  type: 'test'
  ...
# Subtest: ZIP: CRC32 standard known vector
ok 148 - ZIP: CRC32 standard known vector
  ---
  duration_ms: 0.7875
  type: 'test'
  ...
# Subtest: ZIP: stored Unicode/empty directory round-trip
ok 149 - ZIP: stored Unicode/empty directory round-trip
  ---
  duration_ms: 0.5122
  type: 'test'
  ...
# Subtest: ZIP: real DEFLATE compiled package imports thirteen entries
ok 150 - ZIP: real DEFLATE compiled package imports thirteen entries
  ---
  duration_ms: 0.1258
  type: 'test'
  ...
# Subtest: ZIP: traversal, drives, absolute and ambiguous filenames rejected
ok 151 - ZIP: traversal, drives, absolute and ambiguous filenames rejected
  ---
  duration_ms: 0.4447
  type: 'test'
  ...
# Subtest: ZIP: case-insensitive duplicate and parent-as-file rejected
ok 152 - ZIP: case-insensitive duplicate and parent-as-file rejected
  ---
  duration_ms: 0.5004
  type: 'test'
  ...
# Subtest: ZIP: CRC mismatch and truncation do not mount
ok 153 - ZIP: CRC mismatch and truncation do not mount
  ---
  duration_ms: 0.2782
  type: 'test'
  ...
# Subtest: ZIP: symlink, encryption, unsupported methods, limits rejected
ok 154 - ZIP: symlink, encryption, unsupported methods, limits rejected
  ---
  duration_ms: 0.3644
  type: 'test'
  ...
# Subtest: VFS: package mounts preserve folders and case-insensitive paths
ok 155 - VFS: package mounts preserve folders and case-insensitive paths
  ---
  duration_ms: 9.3317
  type: 'test'
  ...
# Subtest: VFS: writes, sparse file growth, quota and snapshot independence
ok 156 - VFS: writes, sparse file growth, quota and snapshot independence
  ---
  duration_ms: 1.1599
  type: 'test'
  ...
# Subtest: VFS: file-parent conflicts and nonempty directory removal rejected
ok 157 - VFS: file-parent conflicts and nonempty directory removal rejected
  ---
  duration_ms: 0.309
  type: 'test'
  ...
# Subtest: Backup: complete virtual C drive restores EXE selection and files
ok 158 - Backup: complete virtual C drive restores EXE selection and files
  ---
  duration_ms: 5.7056
  type: 'test'
  ...
# Subtest: Win32 final paths: A/W DOS and volume-relative names agree across rename and pending deletion
ok 159 - Win32 final paths: A/W DOS and volume-relative names agree across rename and pending deletion
  ---
  duration_ms: 15.2489
  type: 'test'
  ...
# Subtest: Win32 final paths: short buffers preserve output and reproduce observed A/W size conventions
ok 160 - Win32 final paths: short buffers preserve output and reproduce observed A/W size conventions
  ---
  duration_ms: 3.0784
  type: 'test'
  ...
# Subtest: Win32 final paths: extended DOS results reopen the same node and Unicode counts use UTF-16 units
ok 161 - Win32 final paths: extended DOS results reopen the same node and Unicode counts use UTF-16 units
  ---
  duration_ms: 4.1842
  type: 'test'
  ...
# Subtest: Win32 final paths: directory/root queries and invalid flags or handles are explicit
ok 162 - Win32 final paths: directory/root queries and invalid flags or handles are explicit
  ---
  duration_ms: 2.2722
  type: 'test'
  ...
# Subtest: Win32 final paths: complete output range is checked before writing, unused capacity is not accessed
ok 163 - Win32 final paths: complete output range is checked before writing, unused capacity is not accessed
  ---
  duration_ms: 3.5104
  type: 'test'
  ...
# Subtest: ANSI font inspection matches native conversion for every nonzero UTF-16 unit
ok 164 - ANSI font inspection matches native conversion for every nonzero UTF-16 unit
  ---
  duration_ms: 44.7192
  type: 'test'
  ...
# Subtest: ANSI font names retain surrogate replacement count and query prefix boundaries
ok 165 - ANSI font names retain surrogate replacement count and query prefix boundaries
  ---
  duration_ms: 2.6428
  type: 'test'
  ...
# Subtest: Logical fonts preserve all fields and independent Unicode face-name storage
ok 166 - Logical fonts preserve all fields and independent Unicode face-name storage
  ---
  duration_ms: 3.697
  type: 'test'
  ...
# Subtest: CreateFont A/W and indirect ANSI preserve logical fields and truncate bounded names
ok 167 - CreateFont A/W and indirect ANSI preserve logical fields and truncate bounded names
  ---
  duration_ms: 4.2771
  type: 'test'
  ...
# Subtest: Font queries implement partial copies, A/W alignment and ANSI tail preservation
ok 168 - Font queries implement partial copies, A/W alignment and ANSI tail preservation
  ---
  duration_ms: 3.5701
  type: 'test'
  ...
# Subtest: FrameRgn matches 196 native rectangle border masks and thickness return values
ok 169 - FrameRgn matches 196 native rectangle border masks and thickness return values
  ---
  duration_ms: 14.0228
  type: 'test'
  ...
# Subtest: FrameRgn handles invalid, hollow and empty inputs and resolves DC brush colors
ok 170 - FrameRgn handles invalid, hollow and empty inputs and resolves DC brush colors
  ---
  duration_ms: 16.1386
  type: 'test'
  ...
# Subtest: Indirect GDI creation copies structures and supports selection, drawing and inspection
ok 171 - Indirect GDI creation copies structures and supports selection, drawing and inspection
  ---
  duration_ms: 14.7583
  type: 'test'
  ...
# Subtest: Indirect GDI creation validates complete readable structures before allocating
ok 172 - Indirect GDI creation validates complete readable structures before allocating
  ---
  duration_ms: 2.6216
  type: 'test'
  ...
# Subtest: GetObject A/W reports logical pen widths, null pens and x86 brush layouts
ok 173 - GetObject A/W reports logical pen widths, null pens and x86 brush layouts
  ---
  duration_ms: 1.6532
  type: 'test'
  ...
# Subtest: GetObject enforces alignment and pen capacity, and bounds short brush writes
ok 174 - GetObject enforces alignment and pen capacity, and bounds short brush writes
  ---
  duration_ms: 2.4032
  type: 'test'
  ...
# Subtest: GetObject validates the actual write range before changing guest memory
ok 175 - GetObject validates the actual write range before changing guest memory
  ---
  duration_ms: 2.1174
  type: 'test'
  ...
# Subtest: GlobalAddAtomEx accepts zero and ATOM_FLAG_GLOBAL with ordinary shared reference lifetime
ok 176 - GlobalAddAtomEx accepts zero and ATOM_FLAG_GLOBAL with ordinary shared reference lifetime
  ---
  duration_ms: 14.0498
  type: 'test'
  ...
# Subtest: GlobalAddAtomEx integer atoms bypass flags and string failures do not add a reference
ok 177 - GlobalAddAtomEx integer atoms bypass flags and string failures do not add a reference
  ---
  duration_ms: 2.3169
  type: 'test'
  ...
# Subtest: Global atoms share A/W identity and references while remaining separate from local atoms
ok 178 - Global atoms share A/W identity and references while remaining separate from local atoms
  ---
  duration_ms: 1.4253
  type: 'test'
  ...
# Subtest: Global name retrieval distinguishes unterminated wide truncation from ANSI more-data errors
ok 179 - Global name retrieval distinguishes unterminated wide truncation from ANSI more-data errors
  ---
  duration_ms: 2.2228
  type: 'test'
  ...
# Subtest: Property string and global atom keys alias, and numeric setters do not acquire references
ok 180 - Property string and global atom keys alias, and numeric setters do not acquire references
  ---
  duration_ms: 7.2644
  type: 'test'
  ...
# Subtest: String property replacement acquires references and removal releases one property reference
ok 181 - String property replacement acquires references and removal releases one property reference
  ---
  duration_ms: 1.6779
  type: 'test'
  ...
# Subtest: Enumeration resolves atom-keyed property names using the global table original spelling
ok 182 - Enumeration resolves atom-keyed property names using the global table original spelling
  ---
  duration_ms: 1.7017
  type: 'test'
  ...
# Subtest: Win32 handles: duplicated files share position and survive closing the original
ok 183 - Win32 handles: duplicated files share position and survive closing the original
  ---
  duration_ms: 17.629
  type: 'test'
  ...
# Subtest: Win32 handles: flags are per handle, mask updates preserve other bits and close protection works
ok 184 - Win32 handles: flags are per handle, mask updates preserve other bits and close protection works
  ---
  duration_ms: 2.1925
  type: 'test'
  ...
# Subtest: Win32 handles: aliases share semaphore counts and mutex ownership without double-acquiring wait-all
ok 185 - Win32 handles: aliases share semaphore counts and mutex ownership without double-acquiring wait-all
  ---
  duration_ms: 1.5235
  type: 'test'
  ...
# Subtest: Win32 handles: CLOSE_SOURCE succeeds, closes on failure, and supports no target process
ok 186 - Win32 handles: CLOSE_SOURCE succeeds, closes on failure, and supports no target process
  ---
  duration_ms: 1.7592
  type: 'test'
  ...
# Subtest: Win32 handles: invalid types, buffers and unsupported modes do not allocate duplicates
ok 187 - Win32 handles: invalid types, buffers and unsupported modes do not allocate duplicates
  ---
  duration_ms: 3.5098
  type: 'test'
  ...
# Subtest: Win32 handles: process/thread pseudo handles become real queryable waitable handles
ok 188 - Win32 handles: process/thread pseudo handles become real queryable waitable handles
  ---
  duration_ms: 3.7394
  type: 'test'
  ...
# Subtest: EXE: handle duplication, shared file position, flags and process queries use real imports
ok 189 - EXE: handle duplication, shared file position, flags and process queries use real imports
  ---
  duration_ms: 40.2992
  type: 'test'
  ...
# Subtest: Win32 init once: check-only, begin, completion and failed-attempt retry preserve outputs
ok 190 - Win32 init once: check-only, begin, completion and failed-attempt retry preserve outputs
  ---
  duration_ms: 14.0816
  type: 'test'
  ...
# Subtest: Win32 init once: callback arguments, retry error and cached context use guest continuations
ok 191 - Win32 init once: callback arguments, retry error and cached context use guest continuations
  ---
  duration_ms: 2.9071
  type: 'test'
  ...
# Subtest: Win32 init once: async attempts share the winning context and reject mode mismatches
ok 192 - Win32 init once: async attempts share the winning context and reject mode mismatches
  ---
  duration_ms: 2.4644
  type: 'test'
  ...
# Subtest: Win32 init once: synchronous waits suspend and recover after completion or retry
ok 193 - Win32 init once: synchronous waits suspend and recover after completion or retry
  ---
  duration_ms: 1.6543
  type: 'test'
  ...
# Subtest: Win32 init once: bad flags, reserved context bits, invalid state and output pages are atomic
ok 194 - Win32 init once: bad flags, reserved context bits, invalid state and output pages are atomic
  ---
  duration_ms: 8.1368
  type: 'test'
  ...
# Subtest: Win32 MulDiv: native edge combinations and seeded full-width inputs match
ok 195 - Win32 MulDiv: native edge combinations and seeded full-width inputs match
  ---
  duration_ms: 4.568
  type: 'test'
  ...
# Subtest: Win32 MulDiv: signed half rounding and exact products above Number precision
ok 196 - Win32 MulDiv: signed half rounding and exact products above Number precision
  ---
  duration_ms: 0.1467
  type: 'test'
  ...
# Subtest: Win32 MulDiv: failures and legitimate negative results preserve guest last error
ok 197 - Win32 MulDiv: failures and legitimate negative results preserve guest last error
  ---
  duration_ms: 15.2688
  type: 'test'
  ...
# Subtest: IntersectClipRect creates, narrows and restores copied application clips
ok 198 - IntersectClipRect creates, narrows and restores copied application clips
  ---
  duration_ms: 14.8856
  type: 'test'
  ...
# Subtest: IntersectClipRect rejects invalid inputs atomically and preserves success last error
ok 199 - IntersectClipRect rejects invalid inputs atomically and preserves success last error
  ---
  duration_ms: 1.9846
  type: 'test'
  ...
# Subtest: InvertRect retains full signed-extreme endpoint spans in native coverage commands
ok 200 - InvertRect retains full signed-extreme endpoint spans in native coverage commands
  ---
  duration_ms: 17.3
  type: 'test'
  ...
# Subtest: InvertRect normalizes reversed bounds, skips zero area and snapshots input without DC mutation
ok 201 - InvertRect normalizes reversed bounds, skips zero area and snapshots input without DC mutation
  ---
  duration_ms: 2.3568
  type: 'test'
  ...
# Subtest: InvertRect validates its complete rectangle before checking the DC
ok 202 - InvertRect validates its complete rectangle before checking the DC
  ---
  duration_ms: 2.2965
  type: 'test'
  ...
# Subtest: InvertRgn snapshots normalized bounds without changing DC state or consulting the brush
ok 203 - InvertRgn snapshots normalized bounds without changing DC state or consulting the brush
  ---
  duration_ms: 14.6258
  type: 'test'
  ...
# Subtest: InvertRgn validates region before DC and skips empty regions without emitting draws
ok 204 - InvertRgn validates region before DC and skips empty regions without emitting draws
  ---
  duration_ms: 1.9354
  type: 'test'
  ...
# Subtest: InitAtomTable succeeds before and after implicit initialization without clearing names or references
ok 205 - InitAtomTable succeeds before and after implicit initialization without clearing names or references
  ---
  duration_ms: 21.4438
  type: 'test'
  ...
# Subtest: Local atom reference overflow pins on addition 65536, while count 65535 remains deletable
ok 206 - Local atom reference overflow pins on addition 65536, while count 65535 remains deletable
  ---
  duration_ms: 421.1868
  type: 'test'
  ...
# Subtest: Local atoms share A/W names, preserve spelling and release only after matching deletes
ok 207 - Local atoms share A/W names, preserve spelling and release only after matching deletes
  ---
  duration_ms: 9.3895
  type: 'test'
  ...
# Subtest: Integer atoms accept pointer and decimal forms without table references
ok 208 - Integer atoms accept pointer and decimal forms without table references
  ---
  duration_ms: 3.4856
  type: 'test'
  ...
# Subtest: Atom names enforce native lengths and missing-name errors while isolating guest processes
ok 209 - Atom names enforce native lengths and missing-name errors while isolating guest processes
  ---
  duration_ms: 2.5186
  type: 'test'
  ...
# Subtest: GetAtomName returns bounded null-terminated output with native failure precedence
ok 210 - GetAtomName returns bounded null-terminated output with native failure precedence
  ---
  duration_ms: 1.2885
  type: 'test'
  ...
# Subtest: Atom buffers validate full writes and ANSI output uses the Windows best-fit table
ok 211 - Atom buffers validate full writes and ANSI output uses the Windows best-fit table
  ---
  duration_ms: 1.4027
  type: 'test'
  ...
# Subtest: Win32 names: create-existing returns a new handle without resetting state or initial ownership
ok 212 - Win32 names: create-existing returns a new handle without resetting state or initial ownership
  ---
  duration_ms: 13.3169
  type: 'test'
  ...
# Subtest: Win32 names: Unicode, case-sensitive names and Local/Global namespaces remain guest-isolated
ok 213 - Win32 names: Unicode, case-sensitive names and Local/Global namespaces remain guest-isolated
  ---
  duration_ms: 3.3088
  type: 'test'
  ...
# Subtest: Win32 names: type collisions and final close honor opened/duplicated references
ok 214 - Win32 names: type collisions and final close honor opened/duplicated references
  ---
  duration_ms: 5.3611
  type: 'test'
  ...
# Subtest: Win32 names: access rights constrain waits and mutation across opens and duplicates
ok 215 - Win32 names: access rights constrain waits and mutation across opens and duplicates
  ---
  duration_ms: 3.3854
  type: 'test'
  ...
# Subtest: Win32 names: SECURITY_ATTRIBUTES records inheritance, validates layout and rejects custom descriptors
ok 216 - Win32 names: SECURITY_ATTRIBUTES records inheritance, validates layout and rejects custom descriptors
  ---
  duration_ms: 6.454
  type: 'test'
  ...
# Subtest: Win32 names: A/W Ex creation and Open functions preserve flags, generic rights and mutex release
ok 217 - Win32 names: A/W Ex creation and Open functions preserve flags, generic rights and mutex release
  ---
  duration_ms: 1.4339
  type: 'test'
  ...
# Subtest: Win32 names: invalid names, pointers, access masks and Ex flags fail without allocating objects
ok 218 - Win32 names: invalid names, pointers, access masks and Ex flags fail without allocating objects
  ---
  duration_ms: 1.3703
  type: 'test'
  ...
# Subtest: OffsetClipRgn moves copied clips while preserving saved states, sources and draw snapshots
ok 219 - OffsetClipRgn moves copied clips while preserving saved states, sources and draw snapshots
  ---
  duration_ms: 13.7498
  type: 'test'
  ...
# Subtest: OffsetClipRgn preserves absent and empty clips and rejects range failures atomically
ok 220 - OffsetClipRgn preserves absent and empty clips and rejects range failures atomically
  ---
  duration_ms: 1.9342
  type: 'test'
  ...
# Subtest: Win32 ordinal search: forward, backward, prefix and suffix modes clear last error
ok 221 - Win32 ordinal search: forward, backward, prefix and suffix modes clear last error
  ---
  duration_ms: 15.7647
  type: 'test'
  ...
# Subtest: Win32 ordinal search: empty values and counted embedded NULs use UTF-16 offsets
ok 222 - Win32 ordinal search: empty values and counted embedded NULs use UTF-16 offsets
  ---
  duration_ms: 1.9496
  type: 'test'
  ...
# Subtest: Win32 ordinal search: pinned case mappings preserve nonlinguistic distinctions
ok 223 - Win32 ordinal search: pinned case mappings preserve nonlinguistic distinctions
  ---
  duration_ms: 1.7405
  type: 'test'
  ...
# Subtest: Win32 ordinal search: invalid flags, arguments and inaccessible counted buffers
ok 224 - Win32 ordinal search: invalid flags, arguments and inaccessible counted buffers
  ---
  duration_ms: 3.5511
  type: 'test'
  ...
# Subtest: Win32 ordinal comparison: UTF-16 lengths, embedded NULs and CSTR result codes
ok 225 - Win32 ordinal comparison: UTF-16 lengths, embedded NULs and CSTR result codes
  ---
  duration_ms: 18.7323
  type: 'test'
  ...
# Subtest: Win32 ordinal comparison: native nonlinguistic case behavior avoids Unicode expansion
ok 226 - Win32 ordinal comparison: native nonlinguistic case behavior avoids Unicode expansion
  ---
  duration_ms: 2.2888
  type: 'test'
  ...
# Subtest: Win32 ordinal comparison: seeded native Windows vectors match on all platforms
ok 227 - Win32 ordinal comparison: seeded native Windows vectors match on all platforms
  ---
  duration_ms: 4.0959
  type: 'test'
  ...
# Subtest: Win32 ordinal comparison: validates pointers, signed lengths, booleans and counted ranges
ok 228 - Win32 ordinal comparison: validates pointers, signed lengths, booleans and counted ranges
  ---
  duration_ms: 2.856
  type: 'test'
  ...
# Subtest: PolyDraw native point types and final positions include closure endpoint behavior
ok 229 - PolyDraw native point types and final positions include closure endpoint behavior
  ---
  duration_ms: 14.483
  type: 'test'
  ...
# Subtest: PolyDraw combines moves, lines, curves and closure into an unfilled path
ok 230 - PolyDraw combines moves, lines, curves and closure into an unfilled path
  ---
  duration_ms: 2.0047
  type: 'test'
  ...
# Subtest: PolyDraw validates both arrays before emitting or changing state
ok 231 - PolyDraw validates both arrays before emitting or changing state
  ---
  duration_ms: 1.7221
  type: 'test'
  ...
# Subtest: Bezier calls retain cubic control points and apply distinct current-position rules
ok 232 - Bezier calls retain cubic control points and apply distinct current-position rules
  ---
  duration_ms: 14.7215
  type: 'test'
  ...
# Subtest: Bezier input errors preserve current position and never emit partial curves
ok 233 - Bezier input errors preserve current position and never emit partial curves
  ---
  duration_ms: 2.3402
  type: 'test'
  ...
# Subtest: PolyPolygon emits a single compound path with selected fill mode and independent contours
ok 234 - PolyPolygon emits a single compound path with selected fill mode and independent contours
  ---
  duration_ms: 1.7156
  type: 'test'
  ...
# Subtest: PolyPolygon signed counts and inaccessible late contours fail without partial drawing
ok 235 - PolyPolygon signed counts and inaccessible late contours fail without partial drawing
  ---
  duration_ms: 2.6118
  type: 'test'
  ...
# Subtest: PolyPolyline keeps groups disconnected and leaves current position unchanged
ok 236 - PolyPolyline keeps groups disconnected and leaves current position unchanged
  ---
  duration_ms: 2.5075
  type: 'test'
  ...
# Subtest: PolyPolyline validates every count and full point range before drawing
ok 237 - PolyPolyline validates every count and full point range before drawing
  ---
  duration_ms: 3.3883
  type: 'test'
  ...
# Subtest: PolylineTo connects and updates current position across drawing and saved state
ok 238 - PolylineTo connects and updates current position across drawing and saved state
  ---
  duration_ms: 1.7013
  type: 'test'
  ...
# Subtest: PolylineTo zero count succeeds and failed inputs leave position and output intact
ok 239 - PolylineTo zero count succeeds and failed inputs leave position and output intact
  ---
  duration_ms: 1.21
  type: 'test'
  ...
# Subtest: Polygon fill mode retains native raw values, per-DC isolation and saved state
ok 240 - Polygon fill mode retains native raw values, per-DC isolation and saved state
  ---
  duration_ms: 1.379
  type: 'test'
  ...
# Subtest: Polygon and polyline copy signed points and selected colors without changing current position
ok 241 - Polygon and polyline copy signed points and selected colors without changing current position
  ---
  duration_ms: 1.7173
  type: 'test'
  ...
# Subtest: Polygon inputs fail atomically with native count and handle results
ok 242 - Polygon inputs fail atomically with native count and handle results
  ---
  duration_ms: 1.847
  type: 'test'
  ...
# Subtest: Property enumeration A preserves spelling, integer keys, callback ABI and removes current entries
ok 243 - Property enumeration A preserves spelling, integer keys, callback ABI and removes current entries
  ---
  duration_ms: 14.4574
  type: 'test'
  ...
# Subtest: Property enumeration W preserves spelling, integer keys, callback ABI and removes current entries
ok 244 - Property enumeration W preserves spelling, integer keys, callback ABI and removes current entries
  ---
  duration_ms: 1.9217
  type: 'test'
  ...
# Subtest: EnumProps returns the last callback integer, stops at zero and validates the window before callbacks
ok 245 - EnumProps returns the last callback integer, stops at zero and validates the window before callbacks
  ---
  duration_ms: 1.8036
  type: 'test'
  ...
# Subtest: Nested enumeration keeps outer callback name buffers alive until their own return
ok 246 - Nested enumeration keeps outer callback name buffers alive until their own return
  ---
  duration_ms: 2.6935
  type: 'test'
  ...
# Subtest: RectInRegion matches 2508 native normalized, boundary, empty and signed-coordinate cases
ok 247 - RectInRegion matches 2508 native normalized, boundary, empty and signed-coordinate cases
  ---
  duration_ms: 23.7926
  type: 'test'
  ...
# Subtest: RectInRegion validates input for valid regions and preserves invalid-handle last error
ok 248 - RectInRegion validates input for valid regions and preserves invalid-handle last error
  ---
  duration_ms: 2.5302
  type: 'test'
  ...
# Subtest: FillRect and FrameRect match 72 native offscreen pixel-coverage cases
ok 249 - FillRect and FrameRect match 72 native offscreen pixel-coverage cases
  ---
  duration_ms: 16.7635
  type: 'test'
  ...
# Subtest: Rectangle brush drawing respects hollow brushes, selected fallback and DC colors
ok 250 - Rectangle brush drawing respects hollow brushes, selected fallback and DC colors
  ---
  duration_ms: 2.2221
  type: 'test'
  ...
# Subtest: Rectangle brush drawing validates inputs before emitting and preserves native DC errors
ok 251 - Rectangle brush drawing validates inputs before emitting and preserves native DC errors
  ---
  duration_ms: 1.6753
  type: 'test'
  ...
# Subtest: Win32 rectangles: native intersections, unions and bounding differences match with aliasing
ok 252 - Win32 rectangles: native intersections, unions and bounding differences match with aliasing
  ---
  duration_ms: 40.5147
  type: 'test'
  ...
# Subtest: Win32 rectangles: point inclusion excludes right/bottom and empty/inverted rectangles
ok 253 - Win32 rectangles: point inclusion excludes right/bottom and empty/inverted rectangles
  ---
  duration_ms: 2.2626
  type: 'test'
  ...
# Subtest: Win32 rectangles: constructors, copy, equality, inflate and offset retain signed 32-bit coordinates
ok 254 - Win32 rectangles: constructors, copy, equality, inflate and offset retain signed 32-bit coordinates
  ---
  duration_ms: 1.6877
  type: 'test'
  ...
# Subtest: Win32 rectangles: complete destination validation prevents partial writes
ok 255 - Win32 rectangles: complete destination validation prevents partial writes
  ---
  duration_ms: 1.8567
  type: 'test'
  ...
# Subtest: GetRegionData exports native headers and rectangles with size queries and untouched tails
ok 256 - GetRegionData exports native headers and rectangles with size queries and untouched tails
  ---
  duration_ms: 15.2528
  type: 'test'
  ...
# Subtest: GetRegionData reflects mutations and validates only the actual output size atomically
ok 257 - GetRegionData reflects mutations and validates only the actual output size atomically
  ---
  duration_ms: 2.2078
  type: 'test'
  ...
# Subtest: Region fills use explicit and selected brushes without changing selections or current position
ok 258 - Region fills use explicit and selected brushes without changing selections or current position
  ---
  duration_ms: 20.2516
  type: 'test'
  ...
# Subtest: Region painting preserves native invalid, hollow and empty-region return behavior
ok 259 - Region painting preserves native invalid, hollow and empty-region return behavior
  ---
  duration_ms: 1.9833
  type: 'test'
  ...
# Subtest: Rectangular regions normalize bounds and distinguish empty regions and point edges
ok 260 - Rectangular regions normalize bounds and distinguish empty regions and point edges
  ---
  duration_ms: 15.3238
  type: 'test'
  ...
# Subtest: Region creation range and mutation follow distinct native coordinate limits
ok 261 - Region creation range and mutation follow distinct native coordinate limits
  ---
  duration_ms: 2.0096
  type: 'test'
  ...
# Subtest: Region invalid handles preserve native errors and guest outputs validate atomically
ok 262 - Region invalid handles preserve native errors and guest outputs validate atomically
  ---
  duration_ms: 2.2952
  type: 'test'
  ...
# Subtest: PE: identifies compiled console/GUI images and imports
ok 263 - PE: identifies compiled console/GUI images and imports
  ---
  duration_ms: 1.9602
  type: 'test'
  ...
# Subtest: PE: malformed headers, managed and wrong CPU rejected
ok 264 - PE: malformed headers, managed and wrong CPU rejected
  ---
  duration_ms: 0.6931
  type: 'test'
  ...
# Subtest: PE: 80 malformed section/import mutations fail safely or parse within bounds
ok 265 - PE: 80 malformed section/import mutations fail safely or parse within bounds
  ---
  duration_ms: 3.8572
  type: 'test'
  ...
# Subtest: EXE: console program runs native x86 instructions, imports and CRT then exits 0
ok 266 - EXE: console program runs native x86 instructions, imports and CRT then exits 0
  ---
  duration_ms: 15.3457
  type: 'test'
  ...
# Subtest: EXE: relative package file reads and real virtual file writes
ok 267 - EXE: relative package file reads and real virtual file writes
  ---
  duration_ms: 5.1066
  type: 'test'
  ...
# Subtest: EXE: two packaged DLLs initialize, relocate and resolve dynamic exports
ok 268 - EXE: two packaged DLLs initialize, relocate and resolve dynamic exports
  ---
  duration_ms: 2.3619
  type: 'test'
  ...
# Subtest: EXE: console ReadFile blocks then resumes on input
ok 269 - EXE: console ReadFile blocks then resumes on input
  ---
  duration_ms: 2.1148
  type: 'test'
  ...
# Subtest: EXE: window callbacks, GDI, button write, modal result, timers, quit
ok 270 - EXE: window callbacks, GDI, button write, modal result, timers, quit
  ---
  duration_ms: 8.9916
  type: 'test'
  ...
# Subtest: EXE: computed DIB pixel buffer has genuine varied RGBA data
ok 271 - EXE: computed DIB pixel buffer has genuine varied RGBA data
  ---
  duration_ms: 121.6316
  type: 'test'
  ...
# Subtest: EXE: unsupported API is a structured fault, never a fabricated success
ok 272 - EXE: unsupported API is a structured fault, never a fabricated success
  ---
  duration_ms: 3.1512
  type: 'test'
  ...
# Subtest: Debugger: entry breakpoint, single step, resume and instruction budget
ok 273 - Debugger: entry breakpoint, single step, resume and instruction budget
  ---
  duration_ms: 11.4912
  type: 'test'
  ...
# Subtest: API: private heap ownership, capacity, zeroing, destruction
ok 274 - API: private heap ownership, capacity, zeroing, destruction
  ---
  duration_ms: 1.6321
  type: 'test'
  ...
# Subtest: Isolation: independent process disks and capped console input
ok 275 - Isolation: independent process disks and capped console input
  ---
  duration_ms: 2.6803
  type: 'test'
  ...
# Subtest: Win32 SBCS: exact OEM round trip for all bytes and ACP/thread/OEM aliases
ok 276 - Win32 SBCS: exact OEM round trip for all bytes and ACP/thread/OEM aliases
  ---
  duration_ms: 14.7297
  type: 'test'
  ...
# Subtest: Win32 SBCS: best-fit versus exact mapping, custom defaults and surrogate code units
ok 277 - Win32 SBCS: best-fit versus exact mapping, custom defaults and surrogate code units
  ---
  duration_ms: 2.0474
  type: 'test'
  ...
# Subtest: Win32 SBCS: decomposition, glyph mode, signed counts and query default reporting
ok 278 - Win32 SBCS: decomposition, glyph mode, signed counts and query default reporting
  ---
  duration_ms: 1.3907
  type: 'test'
  ...
# Subtest: Win32 SBCS: short buffers preserve native prefixes and report substitutions actually written
ok 279 - Win32 SBCS: short buffers preserve native prefixes and report substitutions actually written
  ---
  duration_ms: 3.7361
  type: 'test'
  ...
# Subtest: Win32 SBCS: invalid flags, unsupported composition and memory errors are explicit
ok 280 - Win32 SBCS: invalid flags, unsupported composition and memory errors are explicit
  ---
  duration_ms: 2.4641
  type: 'test'
  ...
# Subtest: Static server delivers modules/ZIP without an execution or upload endpoint
ok 281 - Static server delivers modules/ZIP without an execution or upload endpoint
  ---
  duration_ms: 168.6909
  type: 'test'
  ...
# Subtest: Win32 SRW: static and dynamic initialization support both modes and preserve last error
ok 282 - Win32 SRW: static and dynamic initialization support both modes and preserve last error
  ---
  duration_ms: 24.6282
  type: 'test'
  ...
# Subtest: Win32 SRW: exclusive ownership rejects both try modes without changing state
ok 283 - Win32 SRW: exclusive ownership rejects both try modes without changing state
  ---
  duration_ms: 2.9242
  type: 'test'
  ...
# Subtest: Win32 SRW: conflicting acquisition suspends the CPU until lock release
ok 284 - Win32 SRW: conflicting acquisition suspends the CPU until lock release
  ---
  duration_ms: 6.8824
  type: 'test'
  ...
# Subtest: Win32 SRW: invalid memory and mismatched releases fail without mutating locks
ok 285 - Win32 SRW: invalid memory and mismatched releases fail without mutating locks
  ---
  duration_ms: 2.2859
  type: 'test'
  ...
# Subtest: Win32 SRW: separate locks and separate processes do not share ownership
ok 286 - Win32 SRW: separate locks and separate processes do not share ownership
  ---
  duration_ms: 3.5109
  type: 'test'
  ...
# Subtest: Win32 sync: A/W manual and auto events preserve reset semantics
ok 287 - Win32 sync: A/W manual and auto events preserve reset semantics
  ---
  duration_ms: 14.7578
  type: 'test'
  ...
# Subtest: Win32 sync: A/W mutex initial ownership, recursion and unowned release
ok 288 - Win32 sync: A/W mutex initial ownership, recursion and unowned release
  ---
  duration_ms: 2.0729
  type: 'test'
  ...
# Subtest: Win32 sync: A/W semaphore counts, signed LONG bounds and failed release atomicity
ok 289 - Win32 sync: A/W semaphore counts, signed LONG bounds and failed release atomicity
  ---
  duration_ms: 4.1826
  type: 'test'
  ...
# Subtest: Win32 sync: wait-any chooses the first ready index and consumes only that object
ok 290 - Win32 sync: wait-any chooses the first ready index and consumes only that object
  ---
  duration_ms: 2.5582
  type: 'test'
  ...
# Subtest: Win32 sync: wait-all is atomic for event, semaphore and mutex on timeout and success
ok 291 - Win32 sync: wait-all is atomic for event, semaphore and mutex on timeout and success
  ---
  duration_ms: 2.5155
  type: 'test'
  ...
# Subtest: Win32 sync: invalid handles, duplicate handles and array bounds leave signals untouched
ok 292 - Win32 sync: invalid handles, duplicate handles and array bounds leave signals untouched
  ---
  duration_ms: 2.4064
  type: 'test'
  ...
# Subtest: Win32 sync: unsupported security descriptors and APC modes fail explicitly
ok 293 - Win32 sync: unsupported security descriptors and APC modes fail explicitly
  ---
  duration_ms: 3.0271
  type: 'test'
  ...
# Subtest: Win32 sync: pending waits integrate with process polling and resume only when ready
ok 294 - Win32 sync: pending waits integrate with process polling and resume only when ready
  ---
  duration_ms: 1.3102
  type: 'test'
  ...
# Subtest: Win32 sync: finite timeout is deterministic; infinite waits have no deadline
ok 295 - Win32 sync: finite timeout is deterministic; infinite waits have no deadline
  ---
  duration_ms: 1.5265
  type: 'test'
  ...
# Subtest: EXE: compiled synchronization imports, stdcall stack, blocked wait and clean exit
ok 296 - EXE: compiled synchronization imports, stdcall stack, blocked wait and clean exit
  ---
  duration_ms: 5.3271
  type: 'test'
  ...
# Subtest: EXE: compiled synchronization timeout resumes through the guest ABI
ok 297 - EXE: compiled synchronization timeout resumes through the guest ABI
  ---
  duration_ms: 3.253
  type: 'test'
  ...
# Subtest: System brushes cache handles by index and expose matching solid brush descriptions
ok 298 - System brushes cache handles by index and expose matching solid brush descriptions
  ---
  duration_ms: 15.9926
  type: 'test'
  ...
# Subtest: Unsupported system color indices return zero without allocating or changing last error
ok 299 - Unsupported system color indices return zero without allocating or changing last error
  ---
  duration_ms: 1.8155
  type: 'test'
  ...
# Subtest: System brushes remain usable while selected and saved and paint the system color
ok 300 - System brushes remain usable while selected and saved and paint the system color
  ---
  duration_ms: 2.0625
  type: 'test'
  ...
# Subtest: Win32 temporary names: automatic names reserve empty files, skip collisions and wrap the numeric range
ok 301 - Win32 temporary names: automatic names reserve empty files, skip collisions and wrap the numeric range
  ---
  duration_ms: 14.3724
  type: 'test'
  ...
# Subtest: Win32 temporary names: explicit low-word values generate only names; a zero low word reserves a file
ok 302 - Win32 temporary names: explicit low-word values generate only names; a zero low word reserves a file
  ---
  duration_ms: 2.0803
  type: 'test'
  ...
# Subtest: Win32 temporary names: A/W prefixes, relative directories and returned paths reopen within the guest
ok 303 - Win32 temporary names: A/W prefixes, relative directories and returned paths reopen within the guest
  ---
  duration_ms: 2.0968
  type: 'test'
  ...
# Subtest: Win32 temporary names: missing or pending directories, length and inaccessible output leave the disk unchanged
ok 304 - Win32 temporary names: missing or pending directories, length and inaccessible output leave the disk unchanged
  ---
  duration_ms: 3.1615
  type: 'test'
  ...
# Subtest: Win32 time conversion: known epochs, leap date and high FILETIME boundary match native vectors
ok 305 - Win32 time conversion: known epochs, leap date and high FILETIME boundary match native vectors
  ---
  duration_ms: 17.1241
  type: 'test'
  ...
# Subtest: Win32 time conversion: rejects invalid dates and high-bit FILETIMEs without changing output
ok 306 - Win32 time conversion: rejects invalid dates and high-bit FILETIMEs without changing output
  ---
  duration_ms: 2.1597
  type: 'test'
  ...
# Subtest: Win32 time conversion: millisecond truncation and exact unsigned 100ns comparisons
ok 307 - Win32 time conversion: millisecond truncation and exact unsigned 100ns comparisons
  ---
  duration_ms: 1.4629
  type: 'test'
  ...
# Subtest: Win32 time conversion: whole-buffer validation and overlapping input/output
ok 308 - Win32 time conversion: whole-buffer validation and overlapping input/output
  ---
  duration_ms: 2.7136
  type: 'test'
  ...
# Subtest: Win32 TLS: freed indices are reused and zeroed without freeing guest pointer data
ok 309 - Win32 TLS: freed indices are reused and zeroed without freeing guest pointer data
  ---
  duration_ms: 13.2998
  type: 'test'
  ...
# Subtest: Win32 TLS: guest TEB and expansion slots are authoritative and separate from static PE TLS
ok 310 - Win32 TLS: guest TEB and expansion slots are authoritative and separate from static PE TLS
  ---
  duration_ms: 2.1849
  type: 'test'
  ...
# Subtest: Win32 TLS: exhaustion reports error 8 and freeing base or expansion slots recovers capacity
ok 311 - Win32 TLS: exhaustion reports error 8 and freeing base or expansion slots recovers capacity
  ---
  duration_ms: 7.3136
  type: 'test'
  ...
# Subtest: Win32 TLS: GetValue clears last error, GetValue2 preserves it, invalid frees and bounds are checked
ok 312 - Win32 TLS: GetValue clears last error, GetValue2 preserves it, invalid frees and bounds are checked
  ---
  duration_ms: 6.1827
  type: 'test'
  ...
# Subtest: Win32 TLS: unallocated in-range slots and process isolation follow the native bounds model
ok 313 - Win32 TLS: unallocated in-range slots and process isolation follow the native bounds model
  ---
  duration_ms: 3.6443
  type: 'test'
  ...
# Subtest: Win32 UTF-8: BOM preservation, supplementary characters and terminator counts
ok 314 - Win32 UTF-8: BOM preservation, supplementary characters and terminator counts
  ---
  duration_ms: 14.0625
  type: 'test'
  ...
# Subtest: Win32 UTF-8: malformed byte sequences match native replacement consumption and strict failures
ok 315 - Win32 UTF-8: malformed byte sequences match native replacement consumption and strict failures
  ---
  duration_ms: 1.9945
  type: 'test'
  ...
# Subtest: Win32 UTF-8: unpaired UTF-16 surrogates reject strictly or encode replacement characters
ok 316 - Win32 UTF-8: unpaired UTF-16 surrogates reject strictly or encode replacement characters
  ---
  duration_ms: 1.5024
  type: 'test'
  ...
# Subtest: Win32 UTF-8: flags, pointers, capacities and complete output memory are validated
ok 317 - Win32 UTF-8: flags, pointers, capacities and complete output memory are validated
  ---
  duration_ms: 2.8999
  type: 'test'
  ...
# Subtest: Wide built-in dash pens preserve native LOGPEN styles and realize solid strokes
ok 318 - Wide built-in dash pens preserve native LOGPEN styles and realize solid strokes
  ---
  duration_ms: 22.6212
  type: 'test'
  ...
# Subtest: Thin built-in dash and inside-frame styles remain explicit unsupported operations
ok 319 - Thin built-in dash and inside-frame styles remain explicit unsupported operations
  ---
  duration_ms: 4.5884
  type: 'test'
  ...
# Subtest: Window rectangles use nested child screen bounds and client dimensions
ok 320 - Window rectangles use nested child screen bounds and client dimensions
  ---
  duration_ms: 16.542
  type: 'test'
  ...
# Subtest: Rectangle queries reject invalid windows and null outputs and validate all sixteen bytes
ok 321 - Rectangle queries reject invalid windows and null outputs and validate all sixteen bytes
  ---
  duration_ms: 2.0043
  type: 'test'
  ...
# Subtest: Window coordinate conversions accumulate child origins but not popup owners
ok 322 - Window coordinate conversions accumulate child origins but not popup owners
  ---
  duration_ms: 1.5151
  type: 'test'
  ...
# Subtest: MapWindowPoints translates arrays and packs signed deltas independently of point count
ok 323 - MapWindowPoints translates arrays and packs signed deltas independently of point count
  ---
  duration_ms: 4.9878
  type: 'test'
  ...
# Subtest: Coordinate APIs validate full point arrays before writing and reject mirrored layouts
ok 324 - Coordinate APIs validate full point arrays before writing and reject mirrored layouts
  ---
  duration_ms: 4.5391
  type: 'test'
  ...
# Subtest: Cross-encoding CREATESTRUCT strings match the procedure encoding in both creation callbacks
ok 325 - Cross-encoding CREATESTRUCT strings match the procedure encoding in both creation callbacks
  ---
  duration_ms: 17.6215
  type: 'test'
  ...
# Subtest: Cross-encoding creation preserves class atoms and null title pointers
ok 326 - Cross-encoding creation preserves class atoms and null title pointers
  ---
  duration_ms: 2.9515
  type: 'test'
  ...
# Subtest: Converted creation buffers are freed after rejection and callback self-destruction
ok 327 - Converted creation buffers are freed after rejection and callback self-destruction
  ---
  duration_ms: 21.1826
  type: 'test'
  ...
# Subtest: Invalid cross-encoding class or parent fails before allocating creation buffers
ok 328 - Invalid cross-encoding class or parent fails before allocating creation buffers
  ---
  duration_ms: 3.8032
  type: 'test'
  ...
# Subtest: CreateWindowExA rejection sends stage-appropriate destruction callbacks and releases resources
ok 329 - CreateWindowExA rejection sends stage-appropriate destruction callbacks and releases resources
  ---
  duration_ms: 18.445
  type: 'test'
  ...
# Subtest: CreateWindowExW rejection sends stage-appropriate destruction callbacks and releases resources
ok 330 - CreateWindowExW rejection sends stage-appropriate destruction callbacks and releases resources
  ---
  duration_ms: 4.6729
  type: 'test'
  ...
# Subtest: WM_CREATE rejection destroys callback-created descendants through their procedures
ok 331 - WM_CREATE rejection destroys callback-created descendants through their procedures
  ---
  duration_ms: 3.561
  type: 'test'
  ...
# Subtest: A window destroyed during creation is not returned or queued for painting
ok 332 - A window destroyed during creation is not returned or queued for painting
  ---
  duration_ms: 4.2953
  type: 'test'
  ...
# Subtest: DestroyWindow recursively releases nested windows, owned popups, timers and DCs
ok 333 - DestroyWindow recursively releases nested windows, owned popups, timers and DCs
  ---
  duration_ms: 14.8163
  type: 'test'
  ...
# Subtest: Destruction callbacks follow native owner and child ordering while handles remain queryable
ok 334 - Destruction callbacks follow native owner and child ordering while handles remain queryable
  ---
  duration_ms: 2.0468
  type: 'test'
  ...
# Subtest: Destruction callbacks may destroy a sibling without duplicate notifications
ok 335 - Destruction callbacks may destroy a sibling without duplicate notifications
  ---
  duration_ms: 1.4519
  type: 'test'
  ...
# Subtest: Default background erasing uses the class brush and supplied DC clipping bounds
ok 336 - Default background erasing uses the class brush and supplied DC clipping bounds
  ---
  duration_ms: 27.2615
  type: 'test'
  ...
# Subtest: Null class brushes skip erasing and DC validation while hollow brushes report success without drawing
ok 337 - Null class brushes skip erasing and DC validation while hollow brushes report success without drawing
  ---
  duration_ms: 4.6662
  type: 'test'
  ...
# Subtest: Class background system color values resolve through the runtime color profile
ok 338 - Class background system color values resolve through the runtime color profile
  ---
  duration_ms: 1.6591
  type: 'test'
  ...
# Subtest: Invalid and empty DC paths preserve native erase results without drawing or leaking buffers
ok 339 - Invalid and empty DC paths preserve native erase results without drawing or leaking buffers
  ---
  duration_ms: 2.2808
  type: 'test'
  ...
# Subtest: Window extra storage starts at zero and supports overlapping A/W DWORD writes for all class variants
ok 340 - Window extra storage starts at zero and supports overlapping A/W DWORD writes for all class variants
  ---
  duration_ms: 22.6219
  type: 'test'
  ...
# Subtest: Window data is independent of sibling windows, class extra data and GWL_USERDATA
ok 341 - Window data is independent of sibling windows, class extra data and GWL_USERDATA
  ---
  duration_ms: 3.6583
  type: 'test'
  ...
# Subtest: Window extra storage is available during creation and destruction callbacks
ok 342 - Window extra storage is available during creation and destruction callbacks
  ---
  duration_ms: 2.648
  type: 'test'
  ...
# Subtest: Window extra bounds and invalid handles fail before modifying data
ok 343 - Window extra bounds and invalid handles fail before modifying data
  ---
  duration_ms: 1.3048
  type: 'test'
  ...
# Subtest: SetFocus sends loss and gain callbacks with the new focus already observable
ok 344 - SetFocus sends loss and gain callbacks with the new focus already observable
  ---
  duration_ms: 14.4867
  type: 'test'
  ...
# Subtest: SetFocus rejects invalid or disabled child ancestry while ignoring disabled popup owners
ok 345 - SetFocus rejects invalid or disabled child ancestry while ignoring disabled popup owners
  ---
  duration_ms: 1.9203
  type: 'test'
  ...
# Subtest: Disabling the focused window cancels modes, clears focus while still enabled, then reports disable
ok 346 - Disabling the focused window cancels modes, clears focus while still enabled, then reports disable
  ---
  duration_ms: 2.6666
  type: 'test'
  ...
# Subtest: A nested SetFocus supersedes an outer transition without a stale gain notification
ok 347 - A nested SetFocus supersedes an outer transition without a stale gain notification
  ---
  duration_ms: 1.3568
  type: 'test'
  ...
# Subtest: Cross-encoding WM_GETTEXT matches native capacities, counts and truncated bytes
ok 348 - Cross-encoding WM_GETTEXT matches native capacities, counts and truncated bytes
  ---
  duration_ms: 30.3344
  type: 'test'
  ...
# Subtest: Same-encoding WM_GETTEXT preserves direct callback arguments and result
ok 349 - Same-encoding WM_GETTEXT preserves direct callback arguments and result
  ---
  duration_ms: 3.3627
  type: 'test'
  ...
# Subtest: WM_GETTEXT validates output and bounded callback counts without leaking temporary buffers
ok 350 - WM_GETTEXT validates output and bounded callback counts without leaking temporary buffers
  ---
  duration_ms: 1.4558
  type: 'test'
  ...
# Subtest: Nested WM_GETTEXT callbacks keep independent buffers through window destruction
ok 351 - Nested WM_GETTEXT callbacks keep independent buffers through window destruction
  ---
  duration_ms: 1.6492
  type: 'test'
  ...
# Subtest: GetParent distinguishes child parents, popup owners and overlapped owners
ok 352 - GetParent distinguishes child parents, popup owners and overlapped owners
  ---
  duration_ms: 13.9315
  type: 'test'
  ...
# Subtest: IsChild follows child ancestry and validates both handles without treating owners or self as parents
ok 353 - IsChild follows child ancestry and validates both handles without treating owners or self as parents
  ---
  duration_ms: 1.8884
  type: 'test'
  ...
# Subtest: CreateWindowEx normalizes nonchild owners to the top-level window for both string variants
ok 354 - CreateWindowEx normalizes nonchild owners to the top-level window for both string variants
  ---
  duration_ms: 3.9187
  type: 'test'
  ...
# Subtest: CREATESTRUCT preserves the requested owner while GetParent observes normalized popup ownership
ok 355 - CREATESTRUCT preserves the requested owner while GetParent observes normalized popup ownership
  ---
  duration_ms: 4.0591
  type: 'test'
  ...
# Subtest: IsWindowUnicode follows registered class encoding across both creation variants
ok 356 - IsWindowUnicode follows registered class encoding across both creation variants
  ---
  duration_ms: 18.6451
  type: 'test'
  ...
# Subtest: Built-in window encoding follows the creation variant and invalid windows report error 1400
ok 357 - Built-in window encoding follows the creation variant and invalid windows report error 1400
  ---
  duration_ms: 4.409
  type: 'test'
  ...
# Subtest: Window owner IDs match the guest process/thread and validate optional output atomically
ok 358 - Window owner IDs match the guest process/thread and validate optional output atomically
  ---
  duration_ms: 3.6285
  type: 'test'
  ...
# Subtest: Window properties share case-insensitive ANSI and Unicode names and replace arbitrary data values
ok 359 - Window properties share case-insensitive ANSI and Unicode names and replace arbitrary data values
  ---
  duration_ms: 15.4727
  type: 'test'
  ...
# Subtest: Integer and decimal-string property keys alias without dereferencing low addresses
ok 360 - Integer and decimal-string property keys alias without dereferencing low addresses
  ---
  duration_ms: 2.229
  type: 'test'
  ...
# Subtest: Property lists isolate windows and missing string names follow guest name lifetime
ok 361 - Property lists isolate windows and missing string names follow guest name lifetime
  ---
  duration_ms: 1.521
  type: 'test'
  ...
# Subtest: Property names enforce native limits and malformed memory cannot change an existing value
ok 362 - Property names enforce native limits and malformed memory cannot change an existing value
  ---
  duration_ms: 3.1657
  type: 'test'
  ...
# Subtest: Properties remain available during destruction and never own the attached data handle
ok 363 - Properties remain available during destruction and never own the attached data handle
  ---
  duration_ms: 2.331
  type: 'test'
  ...
# Subtest: WM_SETTEXT converts both encoding directions and preserves SendMessage results and wParam
ok 364 - WM_SETTEXT converts both encoding directions and preserves SendMessage results and wParam
  ---
  duration_ms: 23.5749
  type: 'test'
  ...
# Subtest: SetWindowText calls the procedure, normalizes its result and leaves rejected text unchanged
ok 365 - SetWindowText calls the procedure, normalizes its result and leaves rejected text unchanged
  ---
  duration_ms: 9.7823
  type: 'test'
  ...
# Subtest: Default processing applies converted text and null WM_SETTEXT pointers remain null
ok 366 - Default processing applies converted text and null WM_SETTEXT pointers remain null
  ---
  duration_ms: 3.1072
  type: 'test'
  ...
# Subtest: Nested text callbacks and callback destruction retain and release independent conversion buffers
ok 367 - Nested text callbacks and callback destruction retain and release independent conversion buffers
  ---
  duration_ms: 2.4755
  type: 'test'
  ...
# Subtest: Invalid SetWindowText handles and malformed conversion input do not allocate buffers
ok 368 - Invalid SetWindowText handles and malformed conversion input do not allocate buffers
  ---
  duration_ms: 1.3336
  type: 'test'
  ...
# Subtest: Visibility follows child ancestry, excludes popup owners, and tracks ShowWindow and style writes
ok 369 - Visibility follows child ancestry, excludes popup owners, and tracks ShowWindow and style writes
  ---
  duration_ms: 14.2746
  type: 'test'
  ...
# Subtest: EnableWindow callback sequence and state match repeated disable and enable operations
ok 370 - EnableWindow callback sequence and state match repeated disable and enable operations
  ---
  duration_ms: 2.674
  type: 'test'
  ...
# Subtest: Window state queries validate handles and observe direct disabled style changes
ok 371 - Window state queries validate handles and observe direct disabled style changes
  ---
  duration_ms: 1.5797
  type: 'test'
  ...
# Subtest: Destroying a window in WM_CANCELMODE does not send WM_ENABLE to the dead window
ok 372 - Destroying a window in WM_CANCELMODE does not send WM_ENABLE to the dead window
  ---
  duration_ms: 1.7482
  type: 'test'
  ...
# Subtest: GetWindowText dispatches custom content through all four encoding combinations
ok 373 - GetWindowText dispatches custom content through all four encoding combinations
  ---
  duration_ms: 20.0457
  type: 'test'
  ...
# Subtest: GetWindowText null and zero-capacity exits precede window validation
ok 374 - GetWindowText null and zero-capacity exits precede window validation
  ---
  duration_ms: 3.5734
  type: 'test'
  ...
# Subtest: GetWindowText clears first character on invalid HWND or negative capacity
ok 375 - GetWindowText clears first character on invalid HWND or negative capacity
  ---
  duration_ms: 2.5612
  type: 'test'
  ...
# Subtest: GetWindowText preserves short Unicode conversion behavior and callback errors
ok 376 - GetWindowText preserves short Unicode conversion behavior and callback errors
  ---
  duration_ms: 4.2603
  type: 'test'
  ...
# Subtest: GetWindowText rejects truncated first output character before any partial write
ok 377 - GetWindowText rejects truncated first output character before any partial write
  ---
  duration_ms: 1.3061
  type: 'test'
  ...
# Subtest: Window length APIs query custom procedures and cross-encoding queries retrieve actual text
ok 378 - Window length APIs query custom procedures and cross-encoding queries retrieve actual text
  ---
  duration_ms: 17.7609
  type: 'test'
  ...
# Subtest: Length messages preserve wParam and normalize cross-encoding lParam, with no text callback for zero
ok 379 - Length messages preserve wParam and normalize cross-encoding lParam, with no text callback for zero
  ---
  duration_ms: 6.1545
  type: 'test'
  ...
# Subtest: Length query invalid HWNDs fail with 1400 and callback-set errors survive
ok 380 - Length query invalid HWNDs fail with 1400 and callback-set errors survive
  ---
  duration_ms: 1.1775
  type: 'test'
  ...
# Subtest: Cross-encoding length queries bound allocations and release buffers on invalid results or destruction
ok 381 - Cross-encoding length queries bound allocations and release buffers on invalid results or destruction
  ---
  duration_ms: 1.7685
  type: 'test'
  ...
# Subtest: UnregisterClass accepts registration atoms across all A/W and extended variants
ok 382 - UnregisterClass accepts registration atoms across all A/W and extended variants
  ---
  duration_ms: 23.2258
  type: 'test'
  ...
# Subtest: Class atoms remain registered while windows exist, and can be removed after destruction
ok 383 - Class atoms remain registered while windows exist, and can be removed after destruction
  ---
  duration_ms: 1.3193
  type: 'test'
  ...
# Subtest: UnregisterClass validates module instance before live-window state and accepts main-module aliases
ok 384 - UnregisterClass validates module instance before live-window state and accepts main-module aliases
  ---
  duration_ms: 1.7899
  type: 'test'
  ...
# Subtest: UnregisterClass distinguishes null, integer, missing atom and string names without reading atoms
ok 385 - UnregisterClass distinguishes null, integer, missing atom and string names without reading atoms
  ---
  duration_ms: 3.3595
  type: 'test'
  ...
1..385
# tests 385
# suites 0
# pass 385
# fail 0
# cancelled 0
# skipped 0
# todo 0
# duration_ms 1203.1202
