TAP version 13
# Subtest: Win32 address waits: exact 1/2/4/8-byte comparison and zero-timeout errors
ok 1 - Win32 address waits: exact 1/2/4/8-byte comparison and zero-timeout errors
  ---
  duration_ms: 9.685
  type: 'test'
  ...
# Subtest: Win32 address waits: wake-single follows arrival order, wake-all matches exact addresses and does not store signals
ok 2 - Win32 address waits: wake-single follows arrival order, wake-all matches exact addresses and does not store signals
  ---
  duration_ms: 4.6556
  type: 'test'
  ...
# Subtest: Win32 address waits: timeout removes expired waiters before a subsequent wake
ok 3 - Win32 address waits: timeout removes expired waiters before a subsequent wake
  ---
  duration_ms: 4.2025
  type: 'test'
  ...
# Subtest: Win32 address waits: process polling suspends without instructions and wakes only within the same guest
ok 4 - Win32 address waits: process polling suspends without instructions and wakes only within the same guest
  ---
  duration_ms: 2.7594
  type: 'test'
  ...
# Subtest: Win32 address waits: invalid sizes and inaccessible ranges do not register a waiter
ok 5 - Win32 address waits: invalid sizes and inaccessible ranges do not register a waiter
  ---
  duration_ms: 2.7645
  type: 'test'
  ...
# Subtest: Win32 condition variables: zero timeout reacquires CS and both SRW modes
ok 6 - Win32 condition variables: zero timeout reacquires CS and both SRW modes
  ---
  duration_ms: 10.4933
  type: 'test'
  ...
# Subtest: Win32 condition variables: wake one/all matches current waiters and stores no future signal
ok 7 - Win32 condition variables: wake one/all matches current waiters and stores no future signal
  ---
  duration_ms: 4.6384
  type: 'test'
  ...
# Subtest: Win32 condition variables: timeout and wake both wait for lock reacquisition
ok 8 - Win32 condition variables: timeout and wake both wait for lock reacquisition
  ---
  duration_ms: 4.4896
  type: 'test'
  ...
# Subtest: Win32 condition variables: CS wake reacquires once and process-local wakes stay isolated
ok 9 - Win32 condition variables: CS wake reacquires once and process-local wakes stay isolated
  ---
  duration_ms: 3.7204
  type: 'test'
  ...
# Subtest: Win32 condition variables: invalid inputs preserve held locks and reject recursive CS sleep
ok 10 - Win32 condition variables: invalid inputs preserve held locks and reject recursive CS sleep
  ---
  duration_ms: 2.0927
  type: 'test'
  ...
# Subtest: memory: cross-page little-endian reads/writes and protection
ok 11 - memory: cross-page little-endian reads/writes and protection
  ---
  duration_ms: 1.424
  type: 'test'
  ...
# Subtest: heap: aligned zeroing, reuse, coalescing, realloc copy
ok 12 - heap: aligned zeroing, reuse, coalescing, realloc copy
  ---
  duration_ms: 0.3457
  type: 'test'
  ...
# Subtest: ANSI/UTF16 strings retain supported characters and terminate
ok 13 - ANSI/UTF16 strings retain supported characters and terminate
  ---
  duration_ms: 0.4387
  type: 'test'
  ...
# Subtest: ALU: 18,000 deterministic arithmetic/flag cases vs BigInt reference
ok 14 - ALU: 18,000 deterministic arithmetic/flag cases vs BigInt reference
  ---
  duration_ms: 33.3053
  type: 'test'
  ...
# Subtest: CPU: byte/high-byte and operand-size register preservation
ok 15 - CPU: byte/high-byte and operand-size register preservation
  ---
  duration_ms: 0.9085
  type: 'test'
  ...
# Subtest: CPU: ModRM/SIB and FS segment base
ok 16 - CPU: ModRM/SIB and FS segment base
  ---
  duration_ms: 0.45
  type: 'test'
  ...
# Subtest: CPU: call/ret and stack restoration
ok 17 - CPU: call/ret and stack restoration
  ---
  duration_ms: 0.2338
  type: 'test'
  ...
# Subtest: CPU: signed multiply/divide, divide errors
ok 18 - CPU: signed multiply/divide, divide errors
  ---
  duration_ms: 0.9561
  type: 'test'
  ...
# Subtest: CPU: REP MOVSB yields and resumes with correct ECX
ok 19 - CPU: REP MOVSB yields and resumes with correct ECX
  ---
  duration_ms: 2.7085
  type: 'test'
  ...
# Subtest: CPU: reverse REP and REPE termination
ok 20 - CPU: reverse REP and REPE termination
  ---
  duration_ms: 0.3202
  type: 'test'
  ...
# Subtest: CPU: CPUID preserves non-output registers and stack
ok 21 - CPU: CPUID preserves non-output registers and stack
  ---
  duration_ms: 0.4259
  type: 'test'
  ...
# Subtest: CPU: SHLD/SHRD preserve full unsigned 32-bit precision
ok 22 - CPU: SHLD/SHRD preserve full unsigned 32-bit precision
  ---
  duration_ms: 0.2092
  type: 'test'
  ...
# Subtest: CPU: x87 subtract/reverse subtract/divide destinations and pops
ok 23 - CPU: x87 subtract/reverse subtract/divide destinations and pops
  ---
  duration_ms: 0.6043
  type: 'test'
  ...
# Subtest: CPU: scalar SSE addition and clearing only documented lanes
ok 24 - CPU: scalar SSE addition and clearing only documented lanes
  ---
  duration_ms: 0.4249
  type: 'test'
  ...
# Subtest: CPU: unimplemented instructions fail with address/bytes
ok 25 - CPU: unimplemented instructions fail with address/bytes
  ---
  duration_ms: 0.2539
  type: 'test'
  ...
# Subtest: Win32 critical sections: recursive enter/try/leave update the x86 structure
ok 26 - Win32 critical sections: recursive enter/try/leave update the x86 structure
  ---
  duration_ms: 17.0859
  type: 'test'
  ...
# Subtest: Win32 critical sections: Ex flags and single-processor spin behavior are consistent across constructors
ok 27 - Win32 critical sections: Ex flags and single-processor spin behavior are consistent across constructors
  ---
  duration_ms: 2.673
  type: 'test'
  ...
# Subtest: Win32 critical sections: lifecycle misuse produces diagnostics and failed access leaves counts unchanged
ok 28 - Win32 critical sections: lifecycle misuse produces diagnostics and failed access leaves counts unchanged
  ---
  duration_ms: 3.3202
  type: 'test'
  ...
# Subtest: Win32 critical sections: page validation is atomic and storage is isolated between guests
ok 29 - Win32 critical sections: page validation is atomic and storage is isolated between guests
  ---
  duration_ms: 4.8874
  type: 'test'
  ...
# Subtest: Win32 directory rename: subtree identities, timestamps, bytes and root handles survive both APIs
ok 30 - Win32 directory rename: subtree identities, timestamps, bytes and root handles survive both APIs
  ---
  duration_ms: 10.9875
  type: 'test'
  ...
# Subtest: Win32 directory rename: open descendants block moves until final duplicated handle closes
ok 31 - Win32 directory rename: open descendants block moves until final duplicated handle closes
  ---
  duration_ms: 5.3843
  type: 'test'
  ...
# Subtest: Win32 directory rename: self-descendant, current-directory ancestors and missing parents fail atomically
ok 32 - Win32 directory rename: self-descendant, current-directory ancestors and missing parents fail atomically
  ---
  duration_ms: 3.7982
  type: 'test'
  ...
# Subtest: Win32 directory rename: explicit replacement permits a closed file but never another directory
ok 33 - Win32 directory rename: explicit replacement permits a closed file but never another directory
  ---
  duration_ms: 1.5277
  type: 'test'
  ...
# Subtest: Win32 environment: case-insensitive names, empty values, deletion and last error
ok 34 - Win32 environment: case-insensitive names, empty values, deletion and last error
  ---
  duration_ms: 9.9891
  type: 'test'
  ...
# Subtest: Win32 environment: ACP byte counts differ from UTF-16 character counts
ok 35 - Win32 environment: ACP byte counts differ from UTF-16 character counts
  ---
  duration_ms: 3.831
  type: 'test'
  ...
# Subtest: Win32 environment: expansion is single-pass and validates complete output before writing
ok 36 - Win32 environment: expansion is single-pass and validates complete output before writing
  ---
  duration_ms: 5.2463
  type: 'test'
  ...
# Subtest: Win32 environment: sorted independent OEM and Unicode blocks have owned allocations
ok 37 - Win32 environment: sorted independent OEM and Unicode blocks have owned allocations
  ---
  duration_ms: 1.9051
  type: 'test'
  ...
# Subtest: Win32 environment: guest processes are isolated and CRT getenv observes Win32 updates
ok 38 - Win32 environment: guest processes are isolated and CRT getenv observes Win32 updates
  ---
  duration_ms: 2.8628
  type: 'test'
  ...
# Subtest: Win32 append: independent and duplicate handles always append at current EOF despite seeking
ok 39 - Win32 append: independent and duplicate handles always append at current EOF despite seeking
  ---
  duration_ms: 10.5442
  type: 'test'
  ...
# Subtest: Win32 append: read/append seeks can read while write-data plus append retains positioned writes
ok 40 - Win32 append: read/append seeks can read while write-data plus append retains positioned writes
  ---
  duration_ms: 4.2961
  type: 'test'
  ...
# Subtest: Win32 append: sharing, readonly and creation dispositions enforce append access
ok 41 - Win32 append: sharing, readonly and creation dispositions enforce append access
  ---
  duration_ms: 2.3747
  type: 'test'
  ...
# Subtest: Win32 append: zero writes, invalid buffers, quota failures and deletion preserve lifetime and cursor rules
ok 42 - Win32 append: zero writes, invalid buffers, quota failures and deletion preserve lifetime and cursor rules
  ---
  duration_ms: 4.3528
  type: 'test'
  ...
# Subtest: Win32 disposition: cancellation through independent handles restores names, links and snapshots
ok 43 - Win32 disposition: cancellation through independent handles restores names, links and snapshots
  ---
  duration_ms: 11.3353
  type: 'test'
  ...
# Subtest: Win32 disposition: duplicate final-close, exclusive opens and DeleteFile cancellation use shared state
ok 44 - Win32 disposition: duplicate final-close, exclusive opens and DeleteFile cancellation use shared state
  ---
  duration_ms: 2.8414
  type: 'test'
  ...
# Subtest: Win32 disposition: cancellation cannot suppress delete-on-close or termination cleanup
ok 45 - Win32 disposition: cancellation cannot suppress delete-on-close or termination cleanup
  ---
  duration_ms: 9.5306
  type: 'test'
  ...
# Subtest: Win32 disposition: empty directory deletion blocks child creation and supports cancellation
ok 46 - Win32 disposition: empty directory deletion blocks child creation and supports cancellation
  ---
  duration_ms: 2.5601
  type: 'test'
  ...
# Subtest: Win32 disposition: DELETE permission, readonly files, root protection and invalid inputs are atomic
ok 47 - Win32 disposition: DELETE permission, readonly files, root protection and invalid inputs are atomic
  ---
  duration_ms: 3.0703
  type: 'test'
  ...
# Subtest: Win32 extended info: standard layout follows size changes and pending deletion without moving the cursor
ok 48 - Win32 extended info: standard layout follows size changes and pending deletion without moving the cursor
  ---
  duration_ms: 11.2252
  type: 'test'
  ...
# Subtest: Win32 extended info: file IDs and attributes agree across independent opens, duplication and rename
ok 49 - Win32 extended info: file IDs and attributes agree across independent opens, duplication and rename
  ---
  duration_ms: 6.6136
  type: 'test'
  ...
# Subtest: Win32 extended info: UTF-16 names have byte lengths, partial output and no added terminator
ok 50 - Win32 extended info: UTF-16 names have byte lengths, partial output and no added terminator
  ---
  duration_ms: 3.8212
  type: 'test'
  ...
# Subtest: Win32 extended info: metadata-only directory handles return directory flag and stable root names
ok 51 - Win32 extended info: metadata-only directory handles return directory flag and stable root names
  ---
  duration_ms: 1.3121
  type: 'test'
  ...
# Subtest: Win32 extended info: invalid handles/classes and short buffers return precise errors without output mutation
ok 52 - Win32 extended info: invalid handles/classes and short buffers return precise errors without output mutation
  ---
  duration_ms: 2.0653
  type: 'test'
  ...
# Subtest: Win32 extended info: cross-page output validation is atomic and oversized buffers do not require unused pages
ok 53 - Win32 extended info: cross-page output validation is atomic and oversized buffers do not require unused pages
  ---
  duration_ms: 1.5633
  type: 'test'
  ...
# Subtest: Win32 metadata: exact independent FILETIMEs, write updates and zero/no-change sentinels
ok 54 - Win32 metadata: exact independent FILETIMEs, write updates and zero/no-change sentinels
  ---
  duration_ms: 16.2442
  type: 'test'
  ...
# Subtest: Win32 metadata: BY_HANDLE_FILE_INFORMATION and A/W attributes/find data agree on layout and times
ok 55 - Win32 metadata: BY_HANDLE_FILE_INFORMATION and A/W attributes/find data agree on layout and times
  ---
  duration_ms: 14.038
  type: 'test'
  ...
# Subtest: Win32 metadata: timestamp suppression follows the shared file object but not independent opens
ok 56 - Win32 metadata: timestamp suppression follows the shared file object but not independent opens
  ---
  duration_ms: 4.2033
  type: 'test'
  ...
# Subtest: Win32 metadata: readonly attributes deny new writes/deletes, normalize NORMAL and preserve directory type
ok 57 - Win32 metadata: readonly attributes deny new writes/deletes, normalize NORMAL and preserve directory type
  ---
  duration_ms: 1.7408
  type: 'test'
  ...
# Subtest: Win32 metadata: IDs survive writes and shared-handle rename, copies and recreated files get new IDs
ok 58 - Win32 metadata: IDs survive writes and shared-handle rename, copies and recreated files get new IDs
  ---
  duration_ms: 3.0574
  type: 'test'
  ...
# Subtest: Win32 metadata: access checks and invalid input/output buffers are atomic
ok 59 - Win32 metadata: access checks and invalid input/output buffers are atomic
  ---
  duration_ms: 3.043
  type: 'test'
  ...
# Subtest: VFS metadata: snapshot and backup ZIP preserve IDs, exact FILETIMEs and attributes without aliasing
ok 60 - VFS metadata: snapshot and backup ZIP preserve IDs, exact FILETIMEs and attributes without aliasing
  ---
  duration_ms: 8.8744
  type: 'test'
  ...
# Subtest: VFS metadata: old backups remain readable and malformed/duplicate metadata is rejected
ok 61 - VFS metadata: old backups remain readable and malformed/duplicate metadata is rejected
  ---
  duration_ms: 1.1961
  type: 'test'
  ...
# Subtest: Win32 files: exact 64-bit cursors above quota and JS integer range allocate no disk storage
ok 62 - Win32 files: exact 64-bit cursors above quota and JS integer range allocate no disk storage
  ---
  duration_ms: 16.8539
  type: 'test'
  ...
# Subtest: Win32 files: legacy seek high words, signed relative offsets and ambiguous success sentinel
ok 63 - Win32 files: legacy seek high words, signed relative offsets and ambiguous success sentinel
  ---
  duration_ms: 3.418
  type: 'test'
  ...
# Subtest: Win32 files: EOF reads and zero-byte writes leave large cursors and disk contents unchanged
ok 64 - Win32 files: EOF reads and zero-byte writes leave large cursors and disk contents unchanged
  ---
  duration_ms: 3.8317
  type: 'test'
  ...
# Subtest: Win32 files: writes zero-fill gaps, truncation preserves cursor and quota failure is atomic
ok 65 - Win32 files: writes zero-fill gaps, truncation preserves cursor and quota failure is atomic
  ---
  duration_ms: 1.9164
  type: 'test'
  ...
# Subtest: Win32 files: invalid output pages do not change cursor or file data
ok 66 - Win32 files: invalid output pages do not change cursor or file data
  ---
  duration_ms: 1.7895
  type: 'test'
  ...
# Subtest: Win32 files: access checks, invalid methods/handles and unsupported I/O remain explicit
ok 67 - Win32 files: access checks, invalid methods/handles and unsupported I/O remain explicit
  ---
  duration_ms: 3.2674
  type: 'test'
  ...
# Subtest: Win32 lifetime: pending deletion retains data and ID until every independent and duplicate handle closes
ok 68 - Win32 lifetime: pending deletion retains data and ID until every independent and duplicate handle closes
  ---
  duration_ms: 11.5507
  type: 'test'
  ...
# Subtest: Win32 lifetime: DELETE access and FILE_SHARE_DELETE are checked in both directions
ok 69 - Win32 lifetime: DELETE access and FILE_SHARE_DELETE are checked in both directions
  ---
  duration_ms: 3.7227
  type: 'test'
  ...
# Subtest: Win32 lifetime: delete-on-close tracks open objects rather than closing the first duplicate
ok 70 - Win32 lifetime: delete-on-close tracks open objects rather than closing the first duplicate
  ---
  duration_ms: 2.116
  type: 'test'
  ...
# Subtest: Win32 lifetime: CLOSE_SOURCE failure still releases a final delete-on-close reference
ok 71 - Win32 lifetime: CLOSE_SOURCE failure still releases a final delete-on-close reference
  ---
  duration_ms: 3.1002
  type: 'test'
  ...
# Subtest: Win32 lifetime: snapshots exclude pending and delete-on-close files; exit/stop/fault force file cleanup
ok 72 - Win32 lifetime: snapshots exclude pending and delete-on-close files; exit/stop/fault force file cleanup
  ---
  duration_ms: 8.5967
  type: 'test'
  ...
# Subtest: Win32 lifetime: VFS path operations and copies cannot bypass pending deletion or sharing
ok 73 - Win32 lifetime: VFS path operations and copies cannot bypass pending deletion or sharing
  ---
  duration_ms: 1.7696
  type: 'test'
  ...
# Subtest: Win32 lifetime: inherited handles, readonly create flags and metadata-only directory restrictions
ok 74 - Win32 lifetime: inherited handles, readonly create flags and metadata-only directory restrictions
  ---
  duration_ms: 1.2352
  type: 'test'
  ...
# Subtest: Win32 rename: shared file identity, cursor and metadata survive Unicode and case-only rename
ok 75 - Win32 rename: shared file identity, cursor and metadata survive Unicode and case-only rename
  ---
  duration_ms: 16.7953
  type: 'test'
  ...
# Subtest: Win32 rename: current directory and directory-handle roots resolve relative names
ok 76 - Win32 rename: current directory and directory-handle roots resolve relative names
  ---
  duration_ms: 5.4857
  type: 'test'
  ...
# Subtest: Win32 rename: replacement releases destination quota but rejects open, readonly and directory targets
ok 77 - Win32 rename: replacement releases destination quota but rejects open, readonly and directory targets
  ---
  duration_ms: 4.5004
  type: 'test'
  ...
# Subtest: Win32 rename: pending files, DELETE access, invalid paths and unsupported modes preserve the source
ok 78 - Win32 rename: pending files, DELETE access, invalid paths and unsupported modes preserve the source
  ---
  duration_ms: 2.1081
  type: 'test'
  ...
# Subtest: Win32 rename: x86 input bounds and inaccessible UTF-16 data fail before filesystem mutation
ok 79 - Win32 rename: x86 input bounds and inaccessible UTF-16 data fail before filesystem mutation
  ---
  duration_ms: 1.6254
  type: 'test'
  ...
# Subtest: Win32 set info: explicit EOF grows, truncates and clears data without moving shared or independent cursors
ok 80 - Win32 set info: explicit EOF grows, truncates and clears data without moving shared or independent cursors
  ---
  duration_ms: 12.5487
  type: 'test'
  ...
# Subtest: Win32 set info: negative and exact 64-bit oversized lengths fail atomically with quota accounting
ok 81 - Win32 set info: negative and exact 64-bit oversized lengths fail atomically with quota accounting
  ---
  duration_ms: 4.1974
  type: 'test'
  ...
# Subtest: Win32 set info: pending files resize through existing handles and retain suppressed timestamps
ok 82 - Win32 set info: pending files resize through existing handles and retain suppressed timestamps
  ---
  duration_ms: 3.1021
  type: 'test'
  ...
# Subtest: Win32 set info: invalid handles, denied rights, directories, short structures and unsupported classes
ok 83 - Win32 set info: invalid handles, denied rights, directories, short structures and unsupported classes
  ---
  duration_ms: 3.2201
  type: 'test'
  ...
# Subtest: Win32 set info: input validation precedes mutation and accepts read-only input memory
ok 84 - Win32 set info: input validation precedes mutation and accepts read-only input memory
  ---
  duration_ms: 1.5724
  type: 'test'
  ...
# Subtest: ZIP: CRC32 standard known vector
ok 85 - ZIP: CRC32 standard known vector
  ---
  duration_ms: 0.8496
  type: 'test'
  ...
# Subtest: ZIP: stored Unicode/empty directory round-trip
ok 86 - ZIP: stored Unicode/empty directory round-trip
  ---
  duration_ms: 0.5256
  type: 'test'
  ...
# Subtest: ZIP: real DEFLATE compiled package imports thirteen entries
ok 87 - ZIP: real DEFLATE compiled package imports thirteen entries
  ---
  duration_ms: 0.1272
  type: 'test'
  ...
# Subtest: ZIP: traversal, drives, absolute and ambiguous filenames rejected
ok 88 - ZIP: traversal, drives, absolute and ambiguous filenames rejected
  ---
  duration_ms: 0.9559
  type: 'test'
  ...
# Subtest: ZIP: case-insensitive duplicate and parent-as-file rejected
ok 89 - ZIP: case-insensitive duplicate and parent-as-file rejected
  ---
  duration_ms: 0.481
  type: 'test'
  ...
# Subtest: ZIP: CRC mismatch and truncation do not mount
ok 90 - ZIP: CRC mismatch and truncation do not mount
  ---
  duration_ms: 0.2716
  type: 'test'
  ...
# Subtest: ZIP: symlink, encryption, unsupported methods, limits rejected
ok 91 - ZIP: symlink, encryption, unsupported methods, limits rejected
  ---
  duration_ms: 0.6033
  type: 'test'
  ...
# Subtest: VFS: package mounts preserve folders and case-insensitive paths
ok 92 - VFS: package mounts preserve folders and case-insensitive paths
  ---
  duration_ms: 12.343
  type: 'test'
  ...
# Subtest: VFS: writes, sparse file growth, quota and snapshot independence
ok 93 - VFS: writes, sparse file growth, quota and snapshot independence
  ---
  duration_ms: 1.2708
  type: 'test'
  ...
# Subtest: VFS: file-parent conflicts and nonempty directory removal rejected
ok 94 - VFS: file-parent conflicts and nonempty directory removal rejected
  ---
  duration_ms: 0.3521
  type: 'test'
  ...
# Subtest: Backup: complete virtual C drive restores EXE selection and files
ok 95 - Backup: complete virtual C drive restores EXE selection and files
  ---
  duration_ms: 5.5462
  type: 'test'
  ...
# Subtest: Win32 final paths: A/W DOS and volume-relative names agree across rename and pending deletion
ok 96 - Win32 final paths: A/W DOS and volume-relative names agree across rename and pending deletion
  ---
  duration_ms: 9.7186
  type: 'test'
  ...
# Subtest: Win32 final paths: short buffers preserve output and reproduce observed A/W size conventions
ok 97 - Win32 final paths: short buffers preserve output and reproduce observed A/W size conventions
  ---
  duration_ms: 3.9432
  type: 'test'
  ...
# Subtest: Win32 final paths: extended DOS results reopen the same node and Unicode counts use UTF-16 units
ok 98 - Win32 final paths: extended DOS results reopen the same node and Unicode counts use UTF-16 units
  ---
  duration_ms: 3.0929
  type: 'test'
  ...
# Subtest: Win32 final paths: directory/root queries and invalid flags or handles are explicit
ok 99 - Win32 final paths: directory/root queries and invalid flags or handles are explicit
  ---
  duration_ms: 1.5849
  type: 'test'
  ...
# Subtest: Win32 final paths: complete output range is checked before writing, unused capacity is not accessed
ok 100 - Win32 final paths: complete output range is checked before writing, unused capacity is not accessed
  ---
  duration_ms: 1.7032
  type: 'test'
  ...
# Subtest: Win32 handles: duplicated files share position and survive closing the original
ok 101 - Win32 handles: duplicated files share position and survive closing the original
  ---
  duration_ms: 11.739
  type: 'test'
  ...
# Subtest: Win32 handles: flags are per handle, mask updates preserve other bits and close protection works
ok 102 - Win32 handles: flags are per handle, mask updates preserve other bits and close protection works
  ---
  duration_ms: 3.6449
  type: 'test'
  ...
# Subtest: Win32 handles: aliases share semaphore counts and mutex ownership without double-acquiring wait-all
ok 103 - Win32 handles: aliases share semaphore counts and mutex ownership without double-acquiring wait-all
  ---
  duration_ms: 1.9067
  type: 'test'
  ...
# Subtest: Win32 handles: CLOSE_SOURCE succeeds, closes on failure, and supports no target process
ok 104 - Win32 handles: CLOSE_SOURCE succeeds, closes on failure, and supports no target process
  ---
  duration_ms: 2.6809
  type: 'test'
  ...
# Subtest: Win32 handles: invalid types, buffers and unsupported modes do not allocate duplicates
ok 105 - Win32 handles: invalid types, buffers and unsupported modes do not allocate duplicates
  ---
  duration_ms: 1.532
  type: 'test'
  ...
# Subtest: Win32 handles: process/thread pseudo handles become real queryable waitable handles
ok 106 - Win32 handles: process/thread pseudo handles become real queryable waitable handles
  ---
  duration_ms: 1.5181
  type: 'test'
  ...
# Subtest: EXE: handle duplication, shared file position, flags and process queries use real imports
ok 107 - EXE: handle duplication, shared file position, flags and process queries use real imports
  ---
  duration_ms: 17.4879
  type: 'test'
  ...
# Subtest: Win32 init once: check-only, begin, completion and failed-attempt retry preserve outputs
ok 108 - Win32 init once: check-only, begin, completion and failed-attempt retry preserve outputs
  ---
  duration_ms: 9.2479
  type: 'test'
  ...
# Subtest: Win32 init once: callback arguments, retry error and cached context use guest continuations
ok 109 - Win32 init once: callback arguments, retry error and cached context use guest continuations
  ---
  duration_ms: 4.4415
  type: 'test'
  ...
# Subtest: Win32 init once: async attempts share the winning context and reject mode mismatches
ok 110 - Win32 init once: async attempts share the winning context and reject mode mismatches
  ---
  duration_ms: 2.7123
  type: 'test'
  ...
# Subtest: Win32 init once: synchronous waits suspend and recover after completion or retry
ok 111 - Win32 init once: synchronous waits suspend and recover after completion or retry
  ---
  duration_ms: 1.389
  type: 'test'
  ...
# Subtest: Win32 init once: bad flags, reserved context bits, invalid state and output pages are atomic
ok 112 - Win32 init once: bad flags, reserved context bits, invalid state and output pages are atomic
  ---
  duration_ms: 1.7369
  type: 'test'
  ...
# Subtest: Win32 names: create-existing returns a new handle without resetting state or initial ownership
ok 113 - Win32 names: create-existing returns a new handle without resetting state or initial ownership
  ---
  duration_ms: 10.2135
  type: 'test'
  ...
# Subtest: Win32 names: Unicode, case-sensitive names and Local/Global namespaces remain guest-isolated
ok 114 - Win32 names: Unicode, case-sensitive names and Local/Global namespaces remain guest-isolated
  ---
  duration_ms: 4.8759
  type: 'test'
  ...
# Subtest: Win32 names: type collisions and final close honor opened/duplicated references
ok 115 - Win32 names: type collisions and final close honor opened/duplicated references
  ---
  duration_ms: 3.2409
  type: 'test'
  ...
# Subtest: Win32 names: access rights constrain waits and mutation across opens and duplicates
ok 116 - Win32 names: access rights constrain waits and mutation across opens and duplicates
  ---
  duration_ms: 1.5731
  type: 'test'
  ...
# Subtest: Win32 names: SECURITY_ATTRIBUTES records inheritance, validates layout and rejects custom descriptors
ok 117 - Win32 names: SECURITY_ATTRIBUTES records inheritance, validates layout and rejects custom descriptors
  ---
  duration_ms: 1.685
  type: 'test'
  ...
# Subtest: Win32 names: A/W Ex creation and Open functions preserve flags, generic rights and mutex release
ok 118 - Win32 names: A/W Ex creation and Open functions preserve flags, generic rights and mutex release
  ---
  duration_ms: 2.1154
  type: 'test'
  ...
# Subtest: Win32 names: invalid names, pointers, access masks and Ex flags fail without allocating objects
ok 119 - Win32 names: invalid names, pointers, access masks and Ex flags fail without allocating objects
  ---
  duration_ms: 2.5255
  type: 'test'
  ...
# Subtest: PE: identifies compiled console/GUI images and imports
ok 120 - PE: identifies compiled console/GUI images and imports
  ---
  duration_ms: 1.8878
  type: 'test'
  ...
# Subtest: PE: malformed headers, managed and wrong CPU rejected
ok 121 - PE: malformed headers, managed and wrong CPU rejected
  ---
  duration_ms: 0.5684
  type: 'test'
  ...
# Subtest: PE: 80 malformed section/import mutations fail safely or parse within bounds
ok 122 - PE: 80 malformed section/import mutations fail safely or parse within bounds
  ---
  duration_ms: 3.5384
  type: 'test'
  ...
# Subtest: EXE: console program runs native x86 instructions, imports and CRT then exits 0
ok 123 - EXE: console program runs native x86 instructions, imports and CRT then exits 0
  ---
  duration_ms: 16.9231
  type: 'test'
  ...
# Subtest: EXE: relative package file reads and real virtual file writes
ok 124 - EXE: relative package file reads and real virtual file writes
  ---
  duration_ms: 4.2517
  type: 'test'
  ...
# Subtest: EXE: two packaged DLLs initialize, relocate and resolve dynamic exports
ok 125 - EXE: two packaged DLLs initialize, relocate and resolve dynamic exports
  ---
  duration_ms: 2.5241
  type: 'test'
  ...
# Subtest: EXE: console ReadFile blocks then resumes on input
ok 126 - EXE: console ReadFile blocks then resumes on input
  ---
  duration_ms: 2.2935
  type: 'test'
  ...
# Subtest: EXE: window callbacks, GDI, button write, modal result, timers, quit
ok 127 - EXE: window callbacks, GDI, button write, modal result, timers, quit
  ---
  duration_ms: 7.271
  type: 'test'
  ...
# Subtest: EXE: computed DIB pixel buffer has genuine varied RGBA data
ok 128 - EXE: computed DIB pixel buffer has genuine varied RGBA data
  ---
  duration_ms: 62.8649
  type: 'test'
  ...
# Subtest: EXE: unsupported API is a structured fault, never a fabricated success
ok 129 - EXE: unsupported API is a structured fault, never a fabricated success
  ---
  duration_ms: 2.2207
  type: 'test'
  ...
# Subtest: Debugger: entry breakpoint, single step, resume and instruction budget
ok 130 - Debugger: entry breakpoint, single step, resume and instruction budget
  ---
  duration_ms: 2.1041
  type: 'test'
  ...
# Subtest: API: private heap ownership, capacity, zeroing, destruction
ok 131 - API: private heap ownership, capacity, zeroing, destruction
  ---
  duration_ms: 1.0757
  type: 'test'
  ...
# Subtest: Isolation: independent process disks and capped console input
ok 132 - Isolation: independent process disks and capped console input
  ---
  duration_ms: 1.9998
  type: 'test'
  ...
# Subtest: Static server delivers modules/ZIP without an execution or upload endpoint
ok 133 - Static server delivers modules/ZIP without an execution or upload endpoint
  ---
  duration_ms: 145.8588
  type: 'test'
  ...
# Subtest: Win32 SRW: static and dynamic initialization support both modes and preserve last error
ok 134 - Win32 SRW: static and dynamic initialization support both modes and preserve last error
  ---
  duration_ms: 9.1346
  type: 'test'
  ...
# Subtest: Win32 SRW: exclusive ownership rejects both try modes without changing state
ok 135 - Win32 SRW: exclusive ownership rejects both try modes without changing state
  ---
  duration_ms: 2.3541
  type: 'test'
  ...
# Subtest: Win32 SRW: conflicting acquisition suspends the CPU until lock release
ok 136 - Win32 SRW: conflicting acquisition suspends the CPU until lock release
  ---
  duration_ms: 6.3023
  type: 'test'
  ...
# Subtest: Win32 SRW: invalid memory and mismatched releases fail without mutating locks
ok 137 - Win32 SRW: invalid memory and mismatched releases fail without mutating locks
  ---
  duration_ms: 1.857
  type: 'test'
  ...
# Subtest: Win32 SRW: separate locks and separate processes do not share ownership
ok 138 - Win32 SRW: separate locks and separate processes do not share ownership
  ---
  duration_ms: 4.9357
  type: 'test'
  ...
# Subtest: Win32 sync: A/W manual and auto events preserve reset semantics
ok 139 - Win32 sync: A/W manual and auto events preserve reset semantics
  ---
  duration_ms: 10.7473
  type: 'test'
  ...
# Subtest: Win32 sync: A/W mutex initial ownership, recursion and unowned release
ok 140 - Win32 sync: A/W mutex initial ownership, recursion and unowned release
  ---
  duration_ms: 3.4023
  type: 'test'
  ...
# Subtest: Win32 sync: A/W semaphore counts, signed LONG bounds and failed release atomicity
ok 141 - Win32 sync: A/W semaphore counts, signed LONG bounds and failed release atomicity
  ---
  duration_ms: 3.8669
  type: 'test'
  ...
# Subtest: Win32 sync: wait-any chooses the first ready index and consumes only that object
ok 142 - Win32 sync: wait-any chooses the first ready index and consumes only that object
  ---
  duration_ms: 1.3583
  type: 'test'
  ...
# Subtest: Win32 sync: wait-all is atomic for event, semaphore and mutex on timeout and success
ok 143 - Win32 sync: wait-all is atomic for event, semaphore and mutex on timeout and success
  ---
  duration_ms: 1.4279
  type: 'test'
  ...
# Subtest: Win32 sync: invalid handles, duplicate handles and array bounds leave signals untouched
ok 144 - Win32 sync: invalid handles, duplicate handles and array bounds leave signals untouched
  ---
  duration_ms: 2.0935
  type: 'test'
  ...
# Subtest: Win32 sync: unsupported security descriptors and APC modes fail explicitly
ok 145 - Win32 sync: unsupported security descriptors and APC modes fail explicitly
  ---
  duration_ms: 2.6213
  type: 'test'
  ...
# Subtest: Win32 sync: pending waits integrate with process polling and resume only when ready
ok 146 - Win32 sync: pending waits integrate with process polling and resume only when ready
  ---
  duration_ms: 2.3822
  type: 'test'
  ...
# Subtest: Win32 sync: finite timeout is deterministic; infinite waits have no deadline
ok 147 - Win32 sync: finite timeout is deterministic; infinite waits have no deadline
  ---
  duration_ms: 1.4126
  type: 'test'
  ...
# Subtest: EXE: compiled synchronization imports, stdcall stack, blocked wait and clean exit
ok 148 - EXE: compiled synchronization imports, stdcall stack, blocked wait and clean exit
  ---
  duration_ms: 4.4623
  type: 'test'
  ...
# Subtest: EXE: compiled synchronization timeout resumes through the guest ABI
ok 149 - EXE: compiled synchronization timeout resumes through the guest ABI
  ---
  duration_ms: 2.3217
  type: 'test'
  ...
# Subtest: Win32 temporary names: automatic names reserve empty files, skip collisions and wrap the numeric range
ok 150 - Win32 temporary names: automatic names reserve empty files, skip collisions and wrap the numeric range
  ---
  duration_ms: 10.2284
  type: 'test'
  ...
# Subtest: Win32 temporary names: explicit low-word values generate only names; a zero low word reserves a file
ok 151 - Win32 temporary names: explicit low-word values generate only names; a zero low word reserves a file
  ---
  duration_ms: 10.4874
  type: 'test'
  ...
# Subtest: Win32 temporary names: A/W prefixes, relative directories and returned paths reopen within the guest
ok 152 - Win32 temporary names: A/W prefixes, relative directories and returned paths reopen within the guest
  ---
  duration_ms: 2.0663
  type: 'test'
  ...
# Subtest: Win32 temporary names: missing or pending directories, length and inaccessible output leave the disk unchanged
ok 153 - Win32 temporary names: missing or pending directories, length and inaccessible output leave the disk unchanged
  ---
  duration_ms: 2.2525
  type: 'test'
  ...
# Subtest: Win32 TLS: freed indices are reused and zeroed without freeing guest pointer data
ok 154 - Win32 TLS: freed indices are reused and zeroed without freeing guest pointer data
  ---
  duration_ms: 9.6973
  type: 'test'
  ...
# Subtest: Win32 TLS: guest TEB and expansion slots are authoritative and separate from static PE TLS
ok 155 - Win32 TLS: guest TEB and expansion slots are authoritative and separate from static PE TLS
  ---
  duration_ms: 3.4158
  type: 'test'
  ...
# Subtest: Win32 TLS: exhaustion reports error 8 and freeing base or expansion slots recovers capacity
ok 156 - Win32 TLS: exhaustion reports error 8 and freeing base or expansion slots recovers capacity
  ---
  duration_ms: 9.7204
  type: 'test'
  ...
# Subtest: Win32 TLS: GetValue clears last error, GetValue2 preserves it, invalid frees and bounds are checked
ok 157 - Win32 TLS: GetValue clears last error, GetValue2 preserves it, invalid frees and bounds are checked
  ---
  duration_ms: 1.3136
  type: 'test'
  ...
# Subtest: Win32 TLS: unallocated in-range slots and process isolation follow the native bounds model
ok 158 - Win32 TLS: unallocated in-range slots and process isolation follow the native bounds model
  ---
  duration_ms: 2.4328
  type: 'test'
  ...
1..158
# tests 158
# suites 0
# pass 158
# fail 0
# cancelled 0
# skipped 0
# todo 0
# duration_ms 393.4042
