TAP version 13
# Subtest: memory: cross-page little-endian reads/writes and protection
ok 1 - memory: cross-page little-endian reads/writes and protection
  ---
  duration_ms: 1.3507
  type: 'test'
  ...
# Subtest: heap: aligned zeroing, reuse, coalescing, realloc copy
ok 2 - heap: aligned zeroing, reuse, coalescing, realloc copy
  ---
  duration_ms: 0.3439
  type: 'test'
  ...
# Subtest: ANSI/UTF16 strings retain supported characters and terminate
ok 3 - ANSI/UTF16 strings retain supported characters and terminate
  ---
  duration_ms: 0.442
  type: 'test'
  ...
# Subtest: ALU: 18,000 deterministic arithmetic/flag cases vs BigInt reference
ok 4 - ALU: 18,000 deterministic arithmetic/flag cases vs BigInt reference
  ---
  duration_ms: 30.0961
  type: 'test'
  ...
# Subtest: CPU: byte/high-byte and operand-size register preservation
ok 5 - CPU: byte/high-byte and operand-size register preservation
  ---
  duration_ms: 0.8577
  type: 'test'
  ...
# Subtest: CPU: ModRM/SIB and FS segment base
ok 6 - CPU: ModRM/SIB and FS segment base
  ---
  duration_ms: 0.4253
  type: 'test'
  ...
# Subtest: CPU: call/ret and stack restoration
ok 7 - CPU: call/ret and stack restoration
  ---
  duration_ms: 0.2295
  type: 'test'
  ...
# Subtest: CPU: signed multiply/divide, divide errors
ok 8 - CPU: signed multiply/divide, divide errors
  ---
  duration_ms: 0.7649
  type: 'test'
  ...
# Subtest: CPU: REP MOVSB yields and resumes with correct ECX
ok 9 - CPU: REP MOVSB yields and resumes with correct ECX
  ---
  duration_ms: 2.1499
  type: 'test'
  ...
# Subtest: CPU: reverse REP and REPE termination
ok 10 - CPU: reverse REP and REPE termination
  ---
  duration_ms: 0.2781
  type: 'test'
  ...
# Subtest: CPU: CPUID preserves non-output registers and stack
ok 11 - CPU: CPUID preserves non-output registers and stack
  ---
  duration_ms: 0.4382
  type: 'test'
  ...
# Subtest: CPU: SHLD/SHRD preserve full unsigned 32-bit precision
ok 12 - CPU: SHLD/SHRD preserve full unsigned 32-bit precision
  ---
  duration_ms: 0.5223
  type: 'test'
  ...
# Subtest: CPU: x87 subtract/reverse subtract/divide destinations and pops
ok 13 - CPU: x87 subtract/reverse subtract/divide destinations and pops
  ---
  duration_ms: 0.7443
  type: 'test'
  ...
# Subtest: CPU: scalar SSE addition and clearing only documented lanes
ok 14 - CPU: scalar SSE addition and clearing only documented lanes
  ---
  duration_ms: 0.7267
  type: 'test'
  ...
# Subtest: CPU: unimplemented instructions fail with address/bytes
ok 15 - CPU: unimplemented instructions fail with address/bytes
  ---
  duration_ms: 0.3696
  type: 'test'
  ...
# Subtest: Win32 extended info: standard layout follows size changes and pending deletion without moving the cursor
ok 16 - Win32 extended info: standard layout follows size changes and pending deletion without moving the cursor
  ---
  duration_ms: 9.9172
  type: 'test'
  ...
# Subtest: Win32 extended info: file IDs and attributes agree across independent opens, duplication and rename
ok 17 - Win32 extended info: file IDs and attributes agree across independent opens, duplication and rename
  ---
  duration_ms: 5.0032
  type: 'test'
  ...
# Subtest: Win32 extended info: UTF-16 names have byte lengths, partial output and no added terminator
ok 18 - Win32 extended info: UTF-16 names have byte lengths, partial output and no added terminator
  ---
  duration_ms: 3.1316
  type: 'test'
  ...
# Subtest: Win32 extended info: metadata-only directory handles return directory flag and stable root names
ok 19 - Win32 extended info: metadata-only directory handles return directory flag and stable root names
  ---
  duration_ms: 1.3474
  type: 'test'
  ...
# Subtest: Win32 extended info: invalid handles/classes and short buffers return precise errors without output mutation
ok 20 - Win32 extended info: invalid handles/classes and short buffers return precise errors without output mutation
  ---
  duration_ms: 1.8058
  type: 'test'
  ...
# Subtest: Win32 extended info: cross-page output validation is atomic and oversized buffers do not require unused pages
ok 21 - Win32 extended info: cross-page output validation is atomic and oversized buffers do not require unused pages
  ---
  duration_ms: 2.5766
  type: 'test'
  ...
# Subtest: Win32 metadata: exact independent FILETIMEs, write updates and zero/no-change sentinels
ok 22 - Win32 metadata: exact independent FILETIMEs, write updates and zero/no-change sentinels
  ---
  duration_ms: 11.3448
  type: 'test'
  ...
# Subtest: Win32 metadata: BY_HANDLE_FILE_INFORMATION and A/W attributes/find data agree on layout and times
ok 23 - Win32 metadata: BY_HANDLE_FILE_INFORMATION and A/W attributes/find data agree on layout and times
  ---
  duration_ms: 14.062
  type: 'test'
  ...
# Subtest: Win32 metadata: timestamp suppression follows the shared file object but not independent opens
ok 24 - Win32 metadata: timestamp suppression follows the shared file object but not independent opens
  ---
  duration_ms: 3.7818
  type: 'test'
  ...
# Subtest: Win32 metadata: readonly attributes deny new writes/deletes, normalize NORMAL and preserve directory type
ok 25 - Win32 metadata: readonly attributes deny new writes/deletes, normalize NORMAL and preserve directory type
  ---
  duration_ms: 1.5716
  type: 'test'
  ...
# Subtest: Win32 metadata: IDs survive writes and shared-handle rename, copies and recreated files get new IDs
ok 26 - Win32 metadata: IDs survive writes and shared-handle rename, copies and recreated files get new IDs
  ---
  duration_ms: 1.8163
  type: 'test'
  ...
# Subtest: Win32 metadata: access checks and invalid input/output buffers are atomic
ok 27 - Win32 metadata: access checks and invalid input/output buffers are atomic
  ---
  duration_ms: 2.5935
  type: 'test'
  ...
# Subtest: VFS metadata: snapshot and backup ZIP preserve IDs, exact FILETIMEs and attributes without aliasing
ok 28 - VFS metadata: snapshot and backup ZIP preserve IDs, exact FILETIMEs and attributes without aliasing
  ---
  duration_ms: 8.2694
  type: 'test'
  ...
# Subtest: VFS metadata: old backups remain readable and malformed/duplicate metadata is rejected
ok 29 - VFS metadata: old backups remain readable and malformed/duplicate metadata is rejected
  ---
  duration_ms: 1.1689
  type: 'test'
  ...
# Subtest: Win32 files: exact 64-bit cursors above quota and JS integer range allocate no disk storage
ok 30 - Win32 files: exact 64-bit cursors above quota and JS integer range allocate no disk storage
  ---
  duration_ms: 9.8128
  type: 'test'
  ...
# Subtest: Win32 files: legacy seek high words, signed relative offsets and ambiguous success sentinel
ok 31 - Win32 files: legacy seek high words, signed relative offsets and ambiguous success sentinel
  ---
  duration_ms: 3.1769
  type: 'test'
  ...
# Subtest: Win32 files: EOF reads and zero-byte writes leave large cursors and disk contents unchanged
ok 32 - Win32 files: EOF reads and zero-byte writes leave large cursors and disk contents unchanged
  ---
  duration_ms: 3.3163
  type: 'test'
  ...
# Subtest: Win32 files: writes zero-fill gaps, truncation preserves cursor and quota failure is atomic
ok 33 - Win32 files: writes zero-fill gaps, truncation preserves cursor and quota failure is atomic
  ---
  duration_ms: 4.0873
  type: 'test'
  ...
# Subtest: Win32 files: invalid output pages do not change cursor or file data
ok 34 - Win32 files: invalid output pages do not change cursor or file data
  ---
  duration_ms: 1.7295
  type: 'test'
  ...
# Subtest: Win32 files: access checks, invalid methods/handles and unsupported I/O remain explicit
ok 35 - Win32 files: access checks, invalid methods/handles and unsupported I/O remain explicit
  ---
  duration_ms: 3.9923
  type: 'test'
  ...
# Subtest: Win32 lifetime: pending deletion retains data and ID until every independent and duplicate handle closes
ok 36 - Win32 lifetime: pending deletion retains data and ID until every independent and duplicate handle closes
  ---
  duration_ms: 11.125
  type: 'test'
  ...
# Subtest: Win32 lifetime: DELETE access and FILE_SHARE_DELETE are checked in both directions
ok 37 - Win32 lifetime: DELETE access and FILE_SHARE_DELETE are checked in both directions
  ---
  duration_ms: 7.6532
  type: 'test'
  ...
# Subtest: Win32 lifetime: delete-on-close tracks open objects rather than closing the first duplicate
ok 38 - Win32 lifetime: delete-on-close tracks open objects rather than closing the first duplicate
  ---
  duration_ms: 3.5184
  type: 'test'
  ...
# Subtest: Win32 lifetime: CLOSE_SOURCE failure still releases a final delete-on-close reference
ok 39 - Win32 lifetime: CLOSE_SOURCE failure still releases a final delete-on-close reference
  ---
  duration_ms: 1.5214
  type: 'test'
  ...
# Subtest: Win32 lifetime: snapshots exclude pending and delete-on-close files; exit/stop/fault force file cleanup
ok 40 - Win32 lifetime: snapshots exclude pending and delete-on-close files; exit/stop/fault force file cleanup
  ---
  duration_ms: 8.9688
  type: 'test'
  ...
# Subtest: Win32 lifetime: VFS path operations and copies cannot bypass pending deletion or sharing
ok 41 - Win32 lifetime: VFS path operations and copies cannot bypass pending deletion or sharing
  ---
  duration_ms: 1.6809
  type: 'test'
  ...
# Subtest: Win32 lifetime: inherited handles, readonly create flags and metadata-only directory restrictions
ok 42 - Win32 lifetime: inherited handles, readonly create flags and metadata-only directory restrictions
  ---
  duration_ms: 1.1422
  type: 'test'
  ...
# Subtest: Win32 set info: explicit EOF grows, truncates and clears data without moving shared or independent cursors
ok 43 - Win32 set info: explicit EOF grows, truncates and clears data without moving shared or independent cursors
  ---
  duration_ms: 10.9206
  type: 'test'
  ...
# Subtest: Win32 set info: negative and exact 64-bit oversized lengths fail atomically with quota accounting
ok 44 - Win32 set info: negative and exact 64-bit oversized lengths fail atomically with quota accounting
  ---
  duration_ms: 3.0729
  type: 'test'
  ...
# Subtest: Win32 set info: pending files resize through existing handles and retain suppressed timestamps
ok 45 - Win32 set info: pending files resize through existing handles and retain suppressed timestamps
  ---
  duration_ms: 4.4193
  type: 'test'
  ...
# Subtest: Win32 set info: invalid handles, denied rights, directories, short structures and unsupported classes
ok 46 - Win32 set info: invalid handles, denied rights, directories, short structures and unsupported classes
  ---
  duration_ms: 1.913
  type: 'test'
  ...
# Subtest: Win32 set info: input validation precedes mutation and accepts read-only input memory
ok 47 - Win32 set info: input validation precedes mutation and accepts read-only input memory
  ---
  duration_ms: 1.6631
  type: 'test'
  ...
# Subtest: ZIP: CRC32 standard known vector
ok 48 - ZIP: CRC32 standard known vector
  ---
  duration_ms: 0.6965
  type: 'test'
  ...
# Subtest: ZIP: stored Unicode/empty directory round-trip
ok 49 - ZIP: stored Unicode/empty directory round-trip
  ---
  duration_ms: 0.4246
  type: 'test'
  ...
# Subtest: ZIP: real DEFLATE compiled package imports thirteen entries
ok 50 - ZIP: real DEFLATE compiled package imports thirteen entries
  ---
  duration_ms: 0.1149
  type: 'test'
  ...
# Subtest: ZIP: traversal, drives, absolute and ambiguous filenames rejected
ok 51 - ZIP: traversal, drives, absolute and ambiguous filenames rejected
  ---
  duration_ms: 0.4483
  type: 'test'
  ...
# Subtest: ZIP: case-insensitive duplicate and parent-as-file rejected
ok 52 - ZIP: case-insensitive duplicate and parent-as-file rejected
  ---
  duration_ms: 0.4512
  type: 'test'
  ...
# Subtest: ZIP: CRC mismatch and truncation do not mount
ok 53 - ZIP: CRC mismatch and truncation do not mount
  ---
  duration_ms: 0.2798
  type: 'test'
  ...
# Subtest: ZIP: symlink, encryption, unsupported methods, limits rejected
ok 54 - ZIP: symlink, encryption, unsupported methods, limits rejected
  ---
  duration_ms: 0.4578
  type: 'test'
  ...
# Subtest: VFS: package mounts preserve folders and case-insensitive paths
ok 55 - VFS: package mounts preserve folders and case-insensitive paths
  ---
  duration_ms: 9.3969
  type: 'test'
  ...
# Subtest: VFS: writes, sparse file growth, quota and snapshot independence
ok 56 - VFS: writes, sparse file growth, quota and snapshot independence
  ---
  duration_ms: 1.1036
  type: 'test'
  ...
# Subtest: VFS: file-parent conflicts and nonempty directory removal rejected
ok 57 - VFS: file-parent conflicts and nonempty directory removal rejected
  ---
  duration_ms: 0.2731
  type: 'test'
  ...
# Subtest: Backup: complete virtual C drive restores EXE selection and files
ok 58 - Backup: complete virtual C drive restores EXE selection and files
  ---
  duration_ms: 7.769
  type: 'test'
  ...
# Subtest: Win32 handles: duplicated files share position and survive closing the original
ok 59 - Win32 handles: duplicated files share position and survive closing the original
  ---
  duration_ms: 11.0873
  type: 'test'
  ...
# Subtest: Win32 handles: flags are per handle, mask updates preserve other bits and close protection works
ok 60 - Win32 handles: flags are per handle, mask updates preserve other bits and close protection works
  ---
  duration_ms: 3.3488
  type: 'test'
  ...
# Subtest: Win32 handles: aliases share semaphore counts and mutex ownership without double-acquiring wait-all
ok 61 - Win32 handles: aliases share semaphore counts and mutex ownership without double-acquiring wait-all
  ---
  duration_ms: 3.7208
  type: 'test'
  ...
# Subtest: Win32 handles: CLOSE_SOURCE succeeds, closes on failure, and supports no target process
ok 62 - Win32 handles: CLOSE_SOURCE succeeds, closes on failure, and supports no target process
  ---
  duration_ms: 1.5739
  type: 'test'
  ...
# Subtest: Win32 handles: invalid types, buffers and unsupported modes do not allocate duplicates
ok 63 - Win32 handles: invalid types, buffers and unsupported modes do not allocate duplicates
  ---
  duration_ms: 1.3638
  type: 'test'
  ...
# Subtest: Win32 handles: process/thread pseudo handles become real queryable waitable handles
ok 64 - Win32 handles: process/thread pseudo handles become real queryable waitable handles
  ---
  duration_ms: 1.4525
  type: 'test'
  ...
# Subtest: EXE: handle duplication, shared file position, flags and process queries use real imports
ok 65 - EXE: handle duplication, shared file position, flags and process queries use real imports
  ---
  duration_ms: 6.8186
  type: 'test'
  ...
# Subtest: Win32 names: create-existing returns a new handle without resetting state or initial ownership
ok 66 - Win32 names: create-existing returns a new handle without resetting state or initial ownership
  ---
  duration_ms: 9.6904
  type: 'test'
  ...
# Subtest: Win32 names: Unicode, case-sensitive names and Local/Global namespaces remain guest-isolated
ok 67 - Win32 names: Unicode, case-sensitive names and Local/Global namespaces remain guest-isolated
  ---
  duration_ms: 6.2833
  type: 'test'
  ...
# Subtest: Win32 names: type collisions and final close honor opened/duplicated references
ok 68 - Win32 names: type collisions and final close honor opened/duplicated references
  ---
  duration_ms: 1.0783
  type: 'test'
  ...
# Subtest: Win32 names: access rights constrain waits and mutation across opens and duplicates
ok 69 - Win32 names: access rights constrain waits and mutation across opens and duplicates
  ---
  duration_ms: 1.4814
  type: 'test'
  ...
# Subtest: Win32 names: SECURITY_ATTRIBUTES records inheritance, validates layout and rejects custom descriptors
ok 70 - Win32 names: SECURITY_ATTRIBUTES records inheritance, validates layout and rejects custom descriptors
  ---
  duration_ms: 2.1701
  type: 'test'
  ...
# Subtest: Win32 names: A/W Ex creation and Open functions preserve flags, generic rights and mutex release
ok 71 - Win32 names: A/W Ex creation and Open functions preserve flags, generic rights and mutex release
  ---
  duration_ms: 1.0876
  type: 'test'
  ...
# Subtest: Win32 names: invalid names, pointers, access masks and Ex flags fail without allocating objects
ok 72 - Win32 names: invalid names, pointers, access masks and Ex flags fail without allocating objects
  ---
  duration_ms: 0.9151
  type: 'test'
  ...
# Subtest: PE: identifies compiled console/GUI images and imports
ok 73 - PE: identifies compiled console/GUI images and imports
  ---
  duration_ms: 2.0641
  type: 'test'
  ...
# Subtest: PE: malformed headers, managed and wrong CPU rejected
ok 74 - PE: malformed headers, managed and wrong CPU rejected
  ---
  duration_ms: 0.9165
  type: 'test'
  ...
# Subtest: PE: 80 malformed section/import mutations fail safely or parse within bounds
ok 75 - PE: 80 malformed section/import mutations fail safely or parse within bounds
  ---
  duration_ms: 3.6331
  type: 'test'
  ...
# Subtest: EXE: console program runs native x86 instructions, imports and CRT then exits 0
ok 76 - EXE: console program runs native x86 instructions, imports and CRT then exits 0
  ---
  duration_ms: 9.2298
  type: 'test'
  ...
# Subtest: EXE: relative package file reads and real virtual file writes
ok 77 - EXE: relative package file reads and real virtual file writes
  ---
  duration_ms: 4.7141
  type: 'test'
  ...
# Subtest: EXE: two packaged DLLs initialize, relocate and resolve dynamic exports
ok 78 - EXE: two packaged DLLs initialize, relocate and resolve dynamic exports
  ---
  duration_ms: 1.9521
  type: 'test'
  ...
# Subtest: EXE: console ReadFile blocks then resumes on input
ok 79 - EXE: console ReadFile blocks then resumes on input
  ---
  duration_ms: 1.8624
  type: 'test'
  ...
# Subtest: EXE: window callbacks, GDI, button write, modal result, timers, quit
ok 80 - EXE: window callbacks, GDI, button write, modal result, timers, quit
  ---
  duration_ms: 4.4143
  type: 'test'
  ...
# Subtest: EXE: computed DIB pixel buffer has genuine varied RGBA data
ok 81 - EXE: computed DIB pixel buffer has genuine varied RGBA data
  ---
  duration_ms: 55.2078
  type: 'test'
  ...
# Subtest: EXE: unsupported API is a structured fault, never a fabricated success
ok 82 - EXE: unsupported API is a structured fault, never a fabricated success
  ---
  duration_ms: 2.8953
  type: 'test'
  ...
# Subtest: Debugger: entry breakpoint, single step, resume and instruction budget
ok 83 - Debugger: entry breakpoint, single step, resume and instruction budget
  ---
  duration_ms: 1.7636
  type: 'test'
  ...
# Subtest: API: private heap ownership, capacity, zeroing, destruction
ok 84 - API: private heap ownership, capacity, zeroing, destruction
  ---
  duration_ms: 0.8221
  type: 'test'
  ...
# Subtest: Isolation: independent process disks and capped console input
ok 85 - Isolation: independent process disks and capped console input
  ---
  duration_ms: 1.2593
  type: 'test'
  ...
# Subtest: Static server delivers modules/ZIP without an execution or upload endpoint
ok 86 - Static server delivers modules/ZIP without an execution or upload endpoint
  ---
  duration_ms: 137.5012
  type: 'test'
  ...
# Subtest: Win32 sync: A/W manual and auto events preserve reset semantics
ok 87 - Win32 sync: A/W manual and auto events preserve reset semantics
  ---
  duration_ms: 7.375
  type: 'test'
  ...
# Subtest: Win32 sync: A/W mutex initial ownership, recursion and unowned release
ok 88 - Win32 sync: A/W mutex initial ownership, recursion and unowned release
  ---
  duration_ms: 3.4966
  type: 'test'
  ...
# Subtest: Win32 sync: A/W semaphore counts, signed LONG bounds and failed release atomicity
ok 89 - Win32 sync: A/W semaphore counts, signed LONG bounds and failed release atomicity
  ---
  duration_ms: 2.5356
  type: 'test'
  ...
# Subtest: Win32 sync: wait-any chooses the first ready index and consumes only that object
ok 90 - Win32 sync: wait-any chooses the first ready index and consumes only that object
  ---
  duration_ms: 0.885
  type: 'test'
  ...
# Subtest: Win32 sync: wait-all is atomic for event, semaphore and mutex on timeout and success
ok 91 - Win32 sync: wait-all is atomic for event, semaphore and mutex on timeout and success
  ---
  duration_ms: 0.9393
  type: 'test'
  ...
# Subtest: Win32 sync: invalid handles, duplicate handles and array bounds leave signals untouched
ok 92 - Win32 sync: invalid handles, duplicate handles and array bounds leave signals untouched
  ---
  duration_ms: 1.8597
  type: 'test'
  ...
# Subtest: Win32 sync: unsupported security descriptors and APC modes fail explicitly
ok 93 - Win32 sync: unsupported security descriptors and APC modes fail explicitly
  ---
  duration_ms: 1.8751
  type: 'test'
  ...
# Subtest: Win32 sync: pending waits integrate with process polling and resume only when ready
ok 94 - Win32 sync: pending waits integrate with process polling and resume only when ready
  ---
  duration_ms: 0.8966
  type: 'test'
  ...
# Subtest: Win32 sync: finite timeout is deterministic; infinite waits have no deadline
ok 95 - Win32 sync: finite timeout is deterministic; infinite waits have no deadline
  ---
  duration_ms: 1.0785
  type: 'test'
  ...
# Subtest: EXE: compiled synchronization imports, stdcall stack, blocked wait and clean exit
ok 96 - EXE: compiled synchronization imports, stdcall stack, blocked wait and clean exit
  ---
  duration_ms: 5.0635
  type: 'test'
  ...
# Subtest: EXE: compiled synchronization timeout resumes through the guest ABI
ok 97 - EXE: compiled synchronization timeout resumes through the guest ABI
  ---
  duration_ms: 1.4379
  type: 'test'
  ...
1..97
# tests 97
# suites 0
# pass 97
# fail 0
# cancelled 0
# skipped 0
# todo 0
# duration_ms 246.746
